Product: MDK-ARM Professional 5.10
Component: ARM Compiler 5.04 update 1 (build 49)
Tool: armlink [5040049]

==============================================================================

Section Cross References

    delay.o(.text) refers to delay.o(.data) for fac_us
    lcd.o(.text) refers to strlen.o(.text) for strlen
    lcd.o(.text) refers to delay.o(.text) for delay_us
    lcd.o(.text) refers to lcd.o(.data) for lcd_id
    lcd.o(.text) refers to lcd.o(.constdata) for char_1206
    lcd.o(.text) refers to sys.o(.text) for GPIO_Set
    sd.o(.text) refers to sd.o(.data) for DeviceMode
    sd.o(.text) refers to sd.o(.bss) for CSD_Tab
    sd.o(.text) refers to sys.o(.text) for GPIO_Set
    sd.o(.text) refers to rt_memcpy_v6.o(.text) for __aeabi_memcpy
    usart.o(.rev16_text) refers (Special) to use_no_semi_2.o(.text) for __use_no_semihosting
    usart.o(.revsh_text) refers (Special) to use_no_semi_2.o(.text) for __use_no_semihosting
    usart.o(.text) refers (Special) to use_no_semi_2.o(.text) for __use_no_semihosting
    usart.o(.text) refers to sys.o(.text) for GPIO_Set
    usart.o(.text) refers to usart.o(.data) for USART_RX_STA
    usart.o(.text) refers to usart.o(.bss) for USART_RX_BUF
    usart.o(.bss) refers (Special) to use_no_semi_2.o(.text) for __use_no_semihosting
    usart.o(.data) refers (Special) to use_no_semi_2.o(.text) for __use_no_semihosting
    flash.o(.text) refers to delay.o(.text) for delay_us
    flash.o(.text) refers to flash.o(.bss) for iapbuf
    malloc.o(.text) refers to malloc.o(.constdata) for memtblsize
    malloc.o(.text) refers to malloc.o(.data) for mallco_dev
    malloc.o(.data) refers to malloc.o(.text) for my_mem_init
    malloc.o(.data) refers to malloc.o(.ARM.__AT_0x2001A000) for mem1base
    malloc.o(.data) refers to malloc.o(.ARM.__AT_0x68000000) for mem2base
    malloc.o(.data) refers to malloc.o(.ARM.__AT_0x10000000) for mem3base
    malloc.o(.data) refers to malloc.o(.bss) for mem1mapbase
    malloc.o(.data) refers to malloc.o(.ARM.__AT_0x680F0000) for mem2mapbase
    malloc.o(.data) refers to malloc.o(.ARM.__AT_0x1000F000) for mem3mapbase
    key.o(.text) refers to sys.o(.text) for GPIO_Set
    key.o(.text) refers to delay.o(.text) for delay_ms
    sram.o(.text) refers to sys.o(.text) for GPIO_AF_Set
    main.o(.text) refers to lcd.o(.text) for xianshi
    main.o(.text) refers to sys.o(.emb_text) for MSR_MSP
    main.o(.text) refers to sys.o(.text) for Stm32_Clock_Init
    main.o(.text) refers to delay.o(.text) for delay_init
    main.o(.text) refers to key.o(.text) for KEY_Init
    main.o(.text) refers to malloc.o(.text) for my_mem_init
    main.o(.text) refers to sd.o(.text) for SD_Init
    main.o(.text) refers to exfuns.o(.text) for exfuns_init
    main.o(.text) refers to ff.o(.text) for f_mount
    main.o(.text) refers to fattester.o(.text) for mf_scan_files
    main.o(.text) refers to strlen.o(.text) for strlen
    main.o(.text) refers to flash.o(.text) for iap_write_appbin
    main.o(.text) refers to main.o(.data) for jump2app
    main.o(.text) refers to exfuns.o(.bss) for fs
    main.o(.text) refers to main.o(.bss) for name
    main.o(.text) refers to lcd.o(.data) for yy
    main.o(.text) refers to main.o(.ARM.__AT_0x20001000) for buffers
    diskio.o(.text) refers to sd.o(.text) for SD_Init
    diskio.o(.text) refers to llsdiv.o(.text) for __aeabi_ldivmod
    diskio.o(.text) refers to malloc.o(.text) for mymalloc
    diskio.o(.text) refers to diskio.o(.data) for FLASH_SECTOR_COUNT
    diskio.o(.text) refers to sd.o(.bss) for SDCardInfo
    ff.o(.text) refers to diskio.o(.text) for disk_write
    ff.o(.text) refers to cc936.o(.text) for ff_wtoupper
    ff.o(.text) refers to ff.o(.constdata) for LfnOfs
    ff.o(.text) refers to ff.o(.bss) for FatFs
    ff.o(.text) refers to ff.o(.data) for Fsid
    cc936.o(.text) refers to cc936.o(.constdata) for oem2uni
    fattester.o(.text) refers to _printf_percent.o(.ARM.Collect$$_printf_percent$$00000000) for _printf_percent
    fattester.o(.text) refers to _printf_s.o(.ARM.Collect$$_printf_percent$$00000014) for _printf_s
    fattester.o(.text) refers to _printf_str.o(.text) for _printf_str
    fattester.o(.text) refers to _printf_x.o(.ARM.Collect$$_printf_percent$$0000000C) for _printf_x
    fattester.o(.text) refers to _printf_hex_int.o(.text) for _printf_longlong_hex
    fattester.o(.text) refers to ff.o(.text) for f_mount
    fattester.o(.text) refers to lcd.o(.text) for xianshi
    fattester.o(.text) refers to malloc.o(.text) for mymalloc
    fattester.o(.text) refers to strcpy.o(.text) for strcpy
    fattester.o(.text) refers to noretval__2printf.o(.text) for __2printf
    fattester.o(.text) refers to exfuns.o(.bss) for fs
    fattester.o(.text) refers to exfuns.o(.data) for file
    fattester.o(.text) refers to main.o(.ARM.__AT_0x20001000) for buffers
    fattester.o(.text) refers to main.o(.data) for n
    fattester.o(.text) refers to main.o(.bss) for name
[...]
    Removing exfuns.o(.rev16_text), (4 bytes).
    Removing exfuns.o(.revsh_text), (4 bytes).
    Removing system_stm32f4xx.o(.rev16_text), (4 bytes).
    Removing system_stm32f4xx.o(.revsh_text), (4 bytes).

29 unused section(s) (total 816 bytes) removed from the image.

==============================================================================

Image Symbol Table

    Local Symbols

    Symbol Name                              Value     Ov Type        Size  Object(Section)

    ../clib/angel/boardlib.s                 0x00000000   Number         0  boardinit1.o ABSOLUTE
    ../clib/angel/boardlib.s                 0x00000000   Number         0  boardinit2.o ABSOLUTE
    ../clib/angel/boardlib.s                 0x00000000   Number         0  boardinit3.o ABSOLUTE
    ../clib/angel/boardlib.s                 0x00000000   Number         0  boardshut.o ABSOLUTE
    ../clib/angel/handlers.s                 0x00000000   Number         0  __scatter_copy.o ABSOLUTE
    ../clib/angel/handlers.s                 0x00000000   Number         0  __scatter_zi.o ABSOLUTE
    ../clib/angel/kernel.s                   0x00000000   Number         0  rtentry.o ABSOLUTE
    ../clib/angel/kernel.s                   0x00000000   Number         0  rtentry4.o ABSOLUTE
    ../clib/angel/kernel.s                   0x00000000   Number         0  rtexit2.o ABSOLUTE
    ../clib/angel/kernel.s                   0x00000000   Number         0  rtexit.o ABSOLUTE
    ../clib/angel/kernel.s                   0x00000000   Number         0  rtentry2.o ABSOLUTE
    ../clib/angel/rt.s                       0x00000000   Number         0  aeabi_ldiv0.o ABSOLUTE
    ../clib/angel/rt.s                       0x00000000   Number         0  aeabi_ldiv0_sigfpe.o ABSOLUTE
    ../clib/angel/rt.s                       0x00000000   Number         0  rt_raise.o ABSOLUTE
    ../clib/angel/rt.s                       0x00000000   Number         0  rt_div0.o ABSOLUTE
    ../clib/angel/scatter.s                  0x00000000   Number         0  __scatter.o ABSOLUTE
    ../clib/angel/startup.s                  0x00000000   Number         0  __main.o ABSOLUTE
    ../clib/angel/sys.s                      0x00000000   Number         0  indicate_semi.o ABSOLUTE
    ../clib/angel/sys.s                      0x00000000   Number         0  use_no_semi.o ABSOLUTE
    ../clib/angel/sys.s                      0x00000000   Number         0  libspace.o ABSOLUTE
    ../clib/angel/sys.s                      0x00000000   Number         0  use_no_semi_2.o ABSOLUTE
    ../clib/angel/sys.s                      0x00000000   Number         0  sys_stackheap_outer.o ABSOLUTE
    ../clib/angel/sysapp.c                   0x00000000   Number         0  sys_command.o ABSOLUTE
    ../clib/angel/sysapp.c                   0x00000000   Number         0  sys_wrch.o ABSOLUTE
    ../clib/armsys.c                         0x00000000   Number         0  argv_veneer.o ABSOLUTE
    ../clib/armsys.c                         0x00000000   Number         0  argv_veneer.o ABSOLUTE
    ../clib/armsys.c                         0x00000000   Number         0  _get_argv_nomalloc.o ABSOLUTE
    ../clib/armsys.c                         0x00000000   Number         0  no_argv.o ABSOLUTE
    ../clib/heapalloc.c                      0x00000000   Number         0  hrguard.o ABSOLUTE
    ../clib/heapaux.c                        0x00000000   Number         0  heapauxi.o ABSOLUTE
    ../clib/libinit.s                        0x00000000   Number         0  libshutdown2.o ABSOLUTE
    ../clib/libinit.s                        0x00000000   Number         0  libinit.o ABSOLUTE
    ../clib/libinit.s                        0x00000000   Number         0  libshutdown.o ABSOLUTE
    ../clib/libinit.s                        0x00000000   Number         0  libinit2.o ABSOLUTE
    ../clib/longlong.s                       0x00000000   Number         0  lludivv7m.o ABSOLUTE
    ../clib/longlong.s                       0x00000000   Number         0  llsdiv.o ABSOLUTE
    ../clib/memcpset.s                       0x00000000   Number         0  strcmpv7m.o ABSOLUTE
    ../clib/memcpset.s                       0x00000000   Number         0  rt_memcpy_v6.o ABSOLUTE
    ../clib/memcpset.s                       0x00000000   Number         0  rt_memcpy_w.o ABSOLUTE
    ../clib/printf.c                         0x00000000   Number         0  __printf_flags_ss_wp.o ABSOLUTE
    ../clib/printf.c                         0x00000000   Number         0  __printf_flags_wp.o ABSOLUTE
    ../clib/printf.c                         0x00000000   Number         0  __printf_wp.o ABSOLUTE
    ../clib/printf.c                         0x00000000   Number         0  __printf_flags_ss.o ABSOLUTE
    ../clib/printf.c                         0x00000000   Number         0  __printf_ss.o ABSOLUTE
    ../clib/printf.c                         0x00000000   Number         0  __printf_flags.o ABSOLUTE
    ../clib/printf.c                         0x00000000   Number         0  __2printf.o ABSOLUTE
    ../clib/printf.c                         0x00000000   Number         0  noretval__2printf.o ABSOLUTE
    ../clib/printf.c                         0x00000000   Number         0  _printf_hex_int_ll_ptr.o ABSOLUTE
    ../clib/printf.c                         0x00000000   Number         0  _printf_hex_ll_ptr.o ABSOLUTE
    ../clib/printf.c                         0x00000000   Number         0  _printf_str.o ABSOLUTE
    ../clib/printf.c                         0x00000000   Number         0  _printf_hex_int_ptr.o ABSOLUTE
    ../clib/printf.c                         0x00000000   Number         0  _printf_hex_ll.o ABSOLUTE
    ../clib/printf.c                         0x00000000   Number         0  _printf_hex_int.o ABSOLUTE
    ../clib/printf.c                         0x00000000   Number         0  _printf_hex_ptr.o ABSOLUTE
    ../clib/printf.c                         0x00000000   Number         0  _printf_hex_int_ll.o ABSOLUTE
    ../clib/printf.c                         0x00000000   Number         0  __printf_ss_wp.o ABSOLUTE
    ../clib/printf.c                         0x00000000   Number         0  __printf.o ABSOLUTE
    ../clib/printf.c                         0x00000000   Number         0  __printf_nopercent.o ABSOLUTE
    ../clib/printf.c                         0x00000000   Number         0  _printf_char_common.o ABSOLUTE
    ../clib/printf.c                         0x00000000   Number         0  _printf_char_file.o ABSOLUTE
    ../clib/printf.c                         0x00000000   Number         0  _printf_char.o ABSOLUTE
    ../clib/printf.c                         0x00000000   Number         0  _printf_intcommon.o ABSOLUTE
    ../clib/printf_percent.s                 0x00000000   Number         0  _printf_percent_end.o ABSOLUTE
    ../clib/printf_percent.s                 0x00000000   Number         0  _printf_s.o ABSOLUTE
    ../clib/printf_percent.s                 0x00000000   Number         0  _printf_percent.o ABSOLUTE
    ../clib/printf_percent.s                 0x00000000   Number         0  _printf_x.o ABSOLUTE
    ../clib/signal.c                         0x00000000   Number         0  defsig_fpe_outer.o ABSOLUTE
    ../clib/signal.c                         0x00000000   Number         0  defsig_pvfn_inner.o ABSOLUTE
    ../clib/signal.c                         0x00000000   Number         0  defsig_stak_inner.o ABSOLUTE
    ../clib/signal.c                         0x00000000   Number         0  defsig_rtmem_inner.o ABSOLUTE
    ../clib/signal.c                         0x00000000   Number         0  defsig_rtred_inner.o ABSOLUTE
    ../clib/signal.c                         0x00000000   Number         0  defsig_abrt_inner.o ABSOLUTE
    ../clib/signal.c                         0x00000000   Number         0  defsig_general.o ABSOLUTE
    ../clib/signal.c                         0x00000000   Number         0  defsig_other.o ABSOLUTE
    ../clib/signal.c                         0x00000000   Number         0  defsig_exit.o ABSOLUTE
    ../clib/signal.c                         0x00000000   Number         0  defsig_rtmem_formal.o ABSOLUTE
    ../clib/signal.c                         0x00000000   Number         0  defsig_rtmem_outer.o ABSOLUTE
    ../clib/signal.c                         0x00000000   Number         0  defsig_segv_inner.o ABSOLUTE
    ../clib/signal.c                         0x00000000   Number         0  defsig_cppl_inner.o ABSOLUTE
    ../clib/signal.c                         0x00000000   Number         0  defsig_fpe_formal.o ABSOLUTE
    ../clib/signal.c                         0x00000000   Number         0  __raise.o ABSOLUTE
    ../clib/signal.c                         0x00000000   Number         0  defsig_fpe_inner.o ABSOLUTE
    ../clib/signal.s                         0x00000000   Number         0  defsig.o ABSOLUTE
    ../clib/stdio.c                          0x00000000   Number         0  ferror_locked.o ABSOLUTE
    ../clib/stdio.c                          0x00000000   Number         0  ferror.o ABSOLUTE
    ../clib/stdlib.c                         0x00000000   Number         0  exit.o ABSOLUTE
    ../clib/string.c                         0x00000000   Number         0  strcpy.o ABSOLUTE
    ../clib/string.c                         0x00000000   Number         0  strlen.o ABSOLUTE
    ../fplib/fpinit.s                        0x00000000   Number         0  fpinit.o ABSOLUTE
    ..\FATFS\exfuns\exfuns.c                 0x00000000   Number         0  exfuns.o ABSOLUTE
    ..\FATFS\exfuns\fattester.c              0x00000000   Number         0  fattester.o ABSOLUTE
    ..\FATFS\src\diskio.c                    0x00000000   Number         0  diskio.o ABSOLUTE
    ..\FATFS\src\ff.c                        0x00000000   Number         0  ff.o ABSOLUTE
    ..\FATFS\src\option\cc936.c              0x00000000   Number         0  cc936.o ABSOLUTE
    ..\\FATFS\\exfuns\\exfuns.c              0x00000000   Number         0  exfuns.o ABSOLUTE
    ..\\FATFS\\exfuns\\fattester.c           0x00000000   Number         0  fattester.o ABSOLUTE
    ..\\FATFS\\src\\diskio.c                 0x00000000   Number         0  diskio.o ABSOLUTE
    ..\\app\\delay.c                         0x00000000   Number         0  delay.o ABSOLUTE
    ..\\app\\flash.c                         0x00000000   Number         0  flash.o ABSOLUTE
    ..\\app\\key.c                           0x00000000   Number         0  key.o ABSOLUTE
    ..\\app\\lcd.c                           0x00000000   Number         0  lcd.o ABSOLUTE
    ..\\app\\malloc.c                        0x00000000   Number         0  malloc.o ABSOLUTE
    ..\\app\\sd.c                            0x00000000   Number         0  sd.o ABSOLUTE
    ..\\app\\sram.c                          0x00000000   Number         0  sram.o ABSOLUTE
    ..\\app\\sys.c                           0x00000000   Number         0  sys.o ABSOLUTE
    ..\\app\\usart.c                         0x00000000   Number         0  usart.o ABSOLUTE
    ..\\user\\main.c                         0x00000000   Number         0  main.o ABSOLUTE
    ..\app\delay.c                           0x00000000   Number         0  delay.o ABSOLUTE
    ..\app\flash.c                           0x00000000   Number         0  flash.o ABSOLUTE
    ..\app\key.c                             0x00000000   Number         0  key.o ABSOLUTE
    ..\app\lcd.c                             0x00000000   Number         0  lcd.o ABSOLUTE
    ..\app\malloc.c                          0x00000000   Number         0  malloc.o ABSOLUTE
    ..\app\sd.c                              0x00000000   Number         0  sd.o ABSOLUTE
    ..\app\sram.c                            0x00000000   Number         0  sram.o ABSOLUTE
    ..\app\sys.c                             0x00000000   Number         0  sys.o ABSOLUTE
    ..\app\usart.c                           0x00000000   Number         0  usart.o ABSOLUTE
    ..\user\main.c                           0x00000000   Number         0  main.o ABSOLUTE
    RTE\Device\STM32F407ZG\startup_stm32f40_41xxx.s 0x00000000   Number         0  startup_stm32f40_41xxx.o ABSOLUTE
    RTE\Device\STM32F407ZG\system_stm32f4xx.c 0x00000000   Number         0  system_stm32f4xx.o ABSOLUTE
    RTE\\Device\\STM32F407ZG\\system_stm32f4xx.c 0x00000000   Number         0  system_stm32f4xx.o ABSOLUTE
    dc.s                                     0x00000000   Number         0  dc.o ABSOLUTE
    RESET                                    0x08000000   Section      392  startup_stm32f40_41xxx.o(RESET)
    !!!main                                  0x08000188   Section        8  __main.o(!!!main)
    !!!scatter                               0x08000190   Section       52  __scatter.o(!!!scatter)
    !!handler_copy                           0x080001c4   Section       26  __scatter_copy.o(!!handler_copy)
    !!handler_zi                             0x080001e0   Section       28  __scatter_zi.o(!!handler_zi)
    .ARM.Collect$$_printf_percent$$00000000  0x080001fc   Section        0  _printf_percent.o(.ARM.Collect$$_printf_percent$$00000000)
    .ARM.Collect$$_printf_percent$$0000000C  0x080001fc   Section        6  _printf_x.o(.ARM.Collect$$_printf_percent$$0000000C)
    .ARM.Collect$$_printf_percent$$00000014  0x08000202   Section        6  _printf_s.o(.ARM.Collect$$_printf_percent$$00000014)
    .ARM.Collect$$_printf_percent$$00000017  0x08000208   Section        4  _printf_percent_end.o(.ARM.Collect$$_printf_percent$$00000017)
    .ARM.Collect$$libinit$$00000000          0x0800020c   Section        2  libinit.o(.ARM.Collect$$libinit$$00000000)
    .ARM.Collect$$libinit$$00000001          0x0800020e   Section        4  libinit2.o(.ARM.Collect$$libinit$$00000001)
    .ARM.Collect$$libinit$$00000008          0x08000212   Section        0  libinit2.o(.ARM.Collect$$libinit$$00000008)
    .ARM.Collect$$libinit$$0000000A          0x08000212   Section        0  libinit2.o(.ARM.Collect$$libinit$$0000000A)
    .ARM.Collect$$libinit$$0000000C          0x08000212   Section        0  libinit2.o(.ARM.Collect$$libinit$$0000000C)
    .ARM.Collect$$libinit$$0000000F          0x08000212   Section        0  libinit2.o(.ARM.Collect$$libinit$$0000000F)
    .ARM.Collect$$libinit$$00000011          0x08000212   Section        0  libinit2.o(.ARM.Collect$$libinit$$00000011)
    .ARM.Collect$$libinit$$00000013          0x08000212   Section        0  libinit2.o(.ARM.Collect$$libinit$$00000013)
    .ARM.Collect$$libinit$$00000015          0x08000212   Section        0  libinit2.o(.ARM.Collect$$libinit$$00000015)
    .ARM.Collect$$libinit$$00000017          0x08000212   Section        0  libinit2.o(.ARM.Collect$$libinit$$00000017)
    .ARM.Collect$$libinit$$00000019          0x08000212   Section        0  libinit2.o(.ARM.Collect$$libinit$$00000019)
    .ARM.Collect$$libinit$$0000001B          0x08000212   Section        0  libinit2.o(.ARM.Collect$$libinit$$0000001B)
    .ARM.Collect$$libinit$$0000001D          0x08000212   Section        0  libinit2.o(.ARM.Collect$$libinit$$0000001D)
    .ARM.Collect$$libinit$$0000001F          0x08000212   Section        0  libinit2.o(.ARM.Collect$$libinit$$0000001F)
    .ARM.Collect$$libinit$$00000021          0x08000212   Section        0  libinit2.o(.ARM.Collect$$libinit$$00000021)
    .ARM.Collect$$libinit$$00000023          0x08000212   Section        0  libinit2.o(.ARM.Collect$$libinit$$00000023)
    .ARM.Collect$$libinit$$0000002A          0x08000212   Section        0  libinit2.o(.ARM.Collect$$libinit$$0000002A)
    .ARM.Collect$$libinit$$0000002C          0x08000212   Section        0  libinit2.o(.ARM.Collect$$libinit$$0000002C)
    .ARM.Collect$$libinit$$0000002E          0x08000212   Section        0  libinit2.o(.ARM.Collect$$libinit$$0000002E)
    .ARM.Collect$$libinit$$00000030          0x08000212   Section        0  libinit2.o(.ARM.Collect$$libinit$$00000030)
    .ARM.Collect$$libinit$$00000031          0x08000212   Section        2  libinit2.o(.ARM.Collect$$libinit$$00000031)
    .ARM.Collect$$libshutdown$$00000000      0x08000214   Section        2  libshutdown.o(.ARM.Collect$$libshutdown$$00000000)
    .ARM.Collect$$libshutdown$$00000003      0x08000216   Section        0  libshutdown2.o(.ARM.Collect$$libshutdown$$00000003)
    .ARM.Collect$$libshutdown$$00000006      0x08000216   Section        0  libshutdown2.o(.ARM.Collect$$libshutdown$$00000006)
    .ARM.Collect$$libshutdown$$00000009      0x08000216   Section        0  libshutdown2.o(.ARM.Collect$$libshutdown$$00000009)
    .ARM.Collect$$libshutdown$$0000000B      0x08000216   Section        0  libshutdown2.o(.ARM.Collect$$libshutdown$$0000000B)
    .ARM.Collect$$libshutdown$$0000000E      0x08000216   Section        0  libshutdown2.o(.ARM.Collect$$libshutdown$$0000000E)
    .ARM.Collect$$libshutdown$$0000000F      0x08000216   Section        2  libshutdown2.o(.ARM.Collect$$libshutdown$$0000000F)
    .ARM.Collect$$rtentry$$00000000          0x08000218   Section        0  rtentry.o(.ARM.Collect$$rtentry$$00000000)
    .ARM.Collect$$rtentry$$00000002          0x08000218   Section        0  rtentry2.o(.ARM.Collect$$rtentry$$00000002)
    .ARM.Collect$$rtentry$$00000004          0x08000218   Section        6  rtentry4.o(.ARM.Collect$$rtentry$$00000004)
    .ARM.Collect$$rtentry$$00000009          0x0800021e   Section        0  rtentry2.o(.ARM.Collect$$rtentry$$00000009)
    .ARM.Collect$$rtentry$$0000000A          0x0800021e   Section        4  rtentry2.o(.ARM.Collect$$rtentry$$0000000A)
    .ARM.Collect$$rtentry$$0000000C          0x08000222   Section        0  rtentry2.o(.ARM.Collect$$rtentry$$0000000C)
    .ARM.Collect$$rtentry$$0000000D          0x08000222   Section        8  rtentry2.o(.ARM.Collect$$rtentry$$0000000D)
    .ARM.Collect$$rtexit$$00000000           0x0800022a   Section        2  rtexit.o(.ARM.Collect$$rtexit$$00000000)
    .ARM.Collect$$rtexit$$00000002           0x0800022c   Section        0  rtexit2.o(.ARM.Collect$$rtexit$$00000002)
    .ARM.Collect$$rtexit$$00000003           0x0800022c   Section        4  rtexit2.o(.ARM.Collect$$rtexit$$00000003)
    .ARM.Collect$$rtexit$$00000004           0x08000230   Section        6  rtexit2.o(.ARM.Collect$$rtexit$$00000004)
    .emb_text                                0x08000238   Section        6  sys.o(.emb_text)
    $v0                                      0x08000238   Number         0  sys.o(.emb_text)
    .text                                    0x08000240   Section        0  delay.o(.text)
    .text                                    0x08000328   Section        0  lcd.o(.text)
    .text                                    0x08001648   Section        0  sd.o(.text)
    .text                                    0x0800323c   Section        0  usart.o(.text)
    .text                                    0x080033d4   Section        0  sys.o(.text)
    .text                                    0x08003838   Section        0  flash.o(.text)
    .text                                    0x08003b70   Section        0  malloc.o(.text)
    .text                                    0x08003d9c   Section        0  key.o(.text)
    .text                                    0x08003e50   Section        0  main.o(.text)
    .text                                    0x080041d4   Section        0  diskio.o(.text)
    .text                                    0x080043b8   Section        0  ff.o(.text)
    mem_cpy                                  0x080043b9   Thumb Code    26  ff.o(.text)
    mem_set                                  0x080043d3   Thumb Code    20  ff.o(.text)
    mem_cmp                                  0x080043e7   Thumb Code    38  ff.o(.text)
    chk_chr                                  0x0800440d   Thumb Code    20  ff.o(.text)
    sync_window                              0x08004421   Thumb Code    76  ff.o(.text)
    move_window                              0x0800446d   Thumb Code    50  ff.o(.text)
    sync_fs                                  0x0800449f   Thumb Code   200  ff.o(.text)
    remove_chain                             0x0800479f   Thumb Code   108  ff.o(.text)
    create_chain                             0x0800480b   Thumb Code   214  ff.o(.text)
    clmt_clust                               0x080048e1   Thumb Code    50  ff.o(.text)
    dir_next                                 0x080049b1   Thumb Code   272  ff.o(.text)
    dir_alloc                                0x08004ac1   Thumb Code    92  ff.o(.text)
    ld_clust                                 0x08004b1d   Thumb Code    32  ff.o(.text)
    st_clust                                 0x08004b3d   Thumb Code    16  ff.o(.text)
    cmp_lfn                                  0x08004b4d   Thumb Code   138  ff.o(.text)
    pick_lfn                                 0x08004bd7   Thumb Code   112  ff.o(.text)
    fit_lfn                                  0x08004c47   Thumb Code   122  ff.o(.text)
    gen_numname                              0x08004cc1   Thumb Code   194  ff.o(.text)
    sum_sfn                                  0x08004d83   Thumb Code    32  ff.o(.text)
    dir_find                                 0x08004da3   Thumb Code   234  ff.o(.text)
    dir_read                                 0x08004e8d   Thumb Code   204  ff.o(.text)
    dir_register                             0x08004f59   Thumb Code   298  ff.o(.text)
    dir_remove                               0x08005083   Thumb Code   106  ff.o(.text)
    get_fileinfo                             0x080050ed   Thumb Code   268  ff.o(.text)
    create_name                              0x080051f9   Thumb Code   604  ff.o(.text)
    follow_path                              0x08005455   Thumb Code   144  ff.o(.text)
    get_ldnumber                             0x080054e5   Thumb Code    74  ff.o(.text)
    check_fs                                 0x0800552f   Thumb Code   140  ff.o(.text)
    find_volume                              0x080055bb   Thumb Code   916  ff.o(.text)
    validate                                 0x0800594f   Thumb Code    54  ff.o(.text)
    putc_bfd                                 0x080072e3   Thumb Code    68  ff.o(.text)
    .text                                    0x08007654   Section        0  cc936.o(.text)
    .text                                    0x08007708   Section        0  fattester.o(.text)
    .text                                    0x08007b80   Section        0  exfuns.o(.text)
    .text                                    0x08007d18   Section       64  startup_stm32f40_41xxx.o(.text)
    $v0                                      0x08007d18   Number         0  startup_stm32f40_41xxx.o(.text)
    .text                                    0x08007d58   Section        0  system_stm32f4xx.o(.text)
    SetSysClock                              0x08007d59   Thumb Code   220  system_stm32f4xx.o(.text)
    .text                                    0x08007f68   Section        2  use_no_semi_2.o(.text)
    .text                                    0x08007f6a   Section       72  llsdiv.o(.text)
    .text                                    0x08007fb4   Section        0  noretval__2printf.o(.text)
    .text                                    0x08007fcc   Section        0  __printf.o(.text)
    .text                                    0x08008034   Section        0  _printf_str.o(.text)
    .text                                    0x08008088   Section        0  _printf_hex_int.o(.text)
    .text                                    0x080080e0   Section        0  strcpy.o(.text)
    .text                                    0x08008128   Section        0  strlen.o(.text)
    .text                                    0x08008166   Section      138  rt_memcpy_v6.o(.text)
    .text                                    0x080081f0   Section      128  strcmpv7m.o(.text)
    .text                                    0x08008270   Section        0  heapauxi.o(.text)
    .text                                    0x08008276   Section        2  use_no_semi.o(.text)
    .text                                    0x08008278   Section      238  lludivv7m.o(.text)
    .text                                    0x08008366   Section        0  _printf_intcommon.o(.text)
    .text                                    0x08008418   Section        0  _printf_char.o(.text)
    .text                                    0x08008444   Section        0  _printf_char_file.o(.text)
    .text                                    0x08008468   Section      100  rt_memcpy_w.o(.text)
    .text                                    0x080084cc   Section        0  _printf_char_common.o(.text)
    _printf_input_char                       0x080084cd   Thumb Code    10  _printf_char_common.o(.text)
    .text                                    0x080084fc   Section        0  ferror.o(.text)
    .text                                    0x08008504   Section       74  sys_stackheap_outer.o(.text)
    .text                                    0x0800854e   Section        0  exit.o(.text)
    .text                                    0x0800855c   Section        8  libspace.o(.text)
    x$fpl$fpinit                             0x08008564   Section       10  fpinit.o(x$fpl$fpinit)
    $v0                                      0x08008564   Number         0  fpinit.o(x$fpl$fpinit)
    .constdata                               0x0800856e   Section     6080  lcd.o(.constdata)
    .constdata                               0x08009d30   Section       36  malloc.o(.constdata)
    .constdata                               0x08009d54   Section       58  ff.o(.constdata)
    LfnOfs                                   0x08009d54   Data          13  ff.o(.constdata)
    vst                                      0x08009d62   Data          22  ff.o(.constdata)
    cst                                      0x08009d78   Data          22  ff.o(.constdata)
    .constdata                               0x08009d8e   Section    175304  cc936.o(.constdata)
    uni2oem                                  0x08009d8e   Data       87172  cc936.o(.constdata)
    oem2uni                                  0x0801f212   Data       87172  cc936.o(.constdata)
    tbl_lower                                0x08034696   Data         480  cc936.o(.constdata)
    tbl_upper                                0x08034876   Data         480  cc936.o(.constdata)
    .constdata                               0x08034a58   Section      112  exfuns.o(.constdata)
    .constdata                               0x08034ac8   Section       40  _printf_hex_int.o(.constdata)
    uc_hextab                                0x08034ac8   Data          20  _printf_hex_int.o(.constdata)
    lc_hextab                                0x08034adc   Data          20  _printf_hex_int.o(.constdata)
    .conststring                             0x08034af0   Section       68  exfuns.o(.conststring)
    .ARM.__AT_0x10000000                     0x10000000   Section    61440  malloc.o(.ARM.__AT_0x10000000)
    .ARM.__AT_0x1000F000                     0x1000f000   Section     3840  malloc.o(.ARM.__AT_0x1000F000)
    .data                                    0x20000000   Section        4  delay.o(.data)
    fac_us                                   0x20000000   Data           1  delay.o(.data)
    fac_ms                                   0x20000002   Data           2  delay.o(.data)
    .data                                    0x20000004   Section       24  lcd.o(.data)
    .data                                    0x2000001c   Section       16  sd.o(.data)
    CardType                                 0x2000001c   Data           1  sd.o(.data)
    RCA                                      0x20000020   Data           4  sd.o(.data)
    DeviceMode                               0x20000024   Data           1  sd.o(.data)
    StopCondition                            0x20000025   Data           1  sd.o(.data)
    .data                                    0x2000002c   Section        6  usart.o(.data)
    .data                                    0x20000034   Section       36  malloc.o(.data)
    .data                                    0x20000058   Section        8  main.o(.data)
    .data                                    0x20000060   Section        2  diskio.o(.data)
    .data                                    0x20000062   Section        2  ff.o(.data)
    Fsid                                     0x20000062   Data           2  ff.o(.data)
    .data                                    0x20000064   Section       20  exfuns.o(.data)
    .data                                    0x20000078   Section       20  system_stm32f4xx.o(.data)
    .bss                                     0x20000090   Section      632  sd.o(.bss)
    CSD_Tab                                  0x20000090   Data          16  sd.o(.bss)
    CID_Tab                                  0x200000a0   Data          16  sd.o(.bss)
    .bss                                     0x20000308   Section      200  usart.o(.bss)
    .bss                                     0x200003d0   Section     2048  flash.o(.bss)
    .bss                                     0x20000bd0   Section      200  main.o(.bss)
    .bss                                     0x20000c98   Section       12  ff.o(.bss)
    FatFs                                    0x20000c98   Data          12  ff.o(.bss)
    .bss                                     0x20000ca4   Section       80  exfuns.o(.bss)
    .bss                                     0x20000cf4   Section       96  libspace.o(.bss)
    HEAP                                     0x20000d58   Section      512  startup_stm32f40_41xxx.o(HEAP)
    Heap_Mem                                 0x20000d58   Data         512  startup_stm32f40_41xxx.o(HEAP)
    .ARM.__AT_0x20001000                     0x20001000   Section    71680  main.o(.ARM.__AT_0x20001000)
    .bss                                     0x20012800   Section     1536  malloc.o(.bss)
    STACK                                    0x20012e00   Section     1024  startup_stm32f40_41xxx.o(STACK)
    Stack_Mem                                0x20012e00   Data        1024  startup_stm32f40_41xxx.o(STACK)
    __initial_sp                             0x20013200   Data           0  startup_stm32f40_41xxx.o(STACK)
    .ARM.__AT_0x2001A000                     0x2001a000   Section    24576  malloc.o(.ARM.__AT_0x2001A000)
    .ARM.__AT_0x68000000                     0x68000000   Section    983040  malloc.o(.ARM.__AT_0x68000000)
    .ARM.__AT_0x680F0000                     0x680f0000   Section    61440  malloc.o(.ARM.__AT_0x680F0000)

    Global Symbols

    Symbol Name                              Value     Ov Type        Size  Object(Section)

    BuildAttributes$$THM_ISAv4$E$P$D$K$B$S$7EM$VFPi3$EXTD16$VFPS$VFMA$PE$A:L22UL41UL21$X:L11$S22US41US21$IEEE1$IW$USESV6$~STKCKD$USESV7$~SHL$OSPACE$ROPI$EBA8$UX$STANDARDLIB$REQ8$PRES8$EABIv2 0x00000000   Number         0  anon$$obj.o ABSOLUTE
    __ARM_use_no_argv                        0x00000000   Number         0  main.o ABSOLUTE
    __ARM_exceptions_init                     - Undefined Weak Reference
    __alloca_initialize                       - Undefined Weak Reference
    __cpp_initialize__aeabi_                  - Undefined Weak Reference
    __cxa_finalize                            - Undefined Weak Reference
    __rt_locale                               - Undefined Weak Reference
    __sigvec_lookup                           - Undefined Weak Reference
    _atexit_init                              - Undefined Weak Reference
    _call_atexit_fns                          - Undefined Weak Reference
    _clock_init                               - Undefined Weak Reference
    _fp_trap_init                             - Undefined Weak Reference
    _fp_trap_shutdown                         - Undefined Weak Reference
    _get_lc_collate                           - Undefined Weak Reference
    _get_lc_ctype                             - Undefined Weak Reference
    _get_lc_monetary                          - Undefined Weak Reference
    _get_lc_numeric                           - Undefined Weak Reference
    _get_lc_time                              - Undefined Weak Reference
    _getenv_init                              - Undefined Weak Reference
    _handle_redirection                       - Undefined Weak Reference
    _init_alloc                               - Undefined Weak Reference
    _init_user_alloc                          - Undefined Weak Reference
    _initio                                   - Undefined Weak Reference
    _mutex_acquire                            - Undefined Weak Reference
    _mutex_release                            - Undefined Weak Reference
    _printf_mbtowc                            - Undefined Weak Reference
    _printf_post_padding                      - Undefined Weak Reference
    _printf_pre_padding                       - Undefined Weak Reference
    _printf_truncate_unsigned                 - Undefined Weak Reference
    _rand_init                                - Undefined Weak Reference
    _signal_finish                            - Undefined Weak Reference
    _signal_init                              - Undefined Weak Reference
    _terminate_alloc                          - Undefined Weak Reference
    _terminate_user_alloc                     - Undefined Weak Reference
    _terminateio                              - Undefined Weak Reference
    __Vectors_Size                           0x00000188   Number         0  startup_stm32f40_41xxx.o ABSOLUTE
    __Vectors                                0x08000000   Data           4  startup_stm32f40_41xxx.o(RESET)
    __Vectors_End                            0x08000188   Data           0  startup_stm32f40_41xxx.o(RESET)
    __main                                   0x08000189   Thumb Code     8  __main.o(!!!main)
    __scatterload                            0x08000191   Thumb Code     0  __scatter.o(!!!scatter)
    __scatterload_rt2                        0x08000191   Thumb Code    44  __scatter.o(!!!scatter)
    __scatterload_rt2_thumb_only             0x08000191   Thumb Code     0  __scatter.o(!!!scatter)
    __scatterload_null                       0x0800019f   Thumb Code     0  __scatter.o(!!!scatter)
    __scatterload_copy                       0x080001c5   Thumb Code    26  __scatter_copy.o(!!handler_copy)
    __scatterload_zeroinit                   0x080001e1   Thumb Code    28  __scatter_zi.o(!!handler_zi)
    _printf_percent                          0x080001fd   Thumb Code     0  _printf_percent.o(.ARM.Collect$$_printf_percent$$00000000)
    _printf_x                                0x080001fd   Thumb Code     0  _printf_x.o(.ARM.Collect$$_printf_percent$$0000000C)
    _printf_s                                0x08000203   Thumb Code     0  _printf_s.o(.ARM.Collect$$_printf_percent$$00000014)
    _printf_percent_end                      0x08000209   Thumb Code     0  _printf_percent_end.o(.ARM.Collect$$_printf_percent$$00000017)
    __rt_lib_init                            0x0800020d   Thumb Code     0  libinit.o(.ARM.Collect$$libinit$$00000000)
    __rt_lib_init_fp_1                       0x0800020f   Thumb Code     0  libinit2.o(.ARM.Collect$$libinit$$00000001)
    __rt_lib_init_alloca_1                   0x08000213   Thumb Code     0  libinit2.o(.ARM.Collect$$libinit$$0000002C)
    __rt_lib_init_argv_1                     0x08000213   Thumb Code     0  libinit2.o(.ARM.Collect$$libinit$$0000002A)
    __rt_lib_init_atexit_1                   0x08000213   Thumb Code     0  libinit2.o(.ARM.Collect$$libinit$$00000019)
    __rt_lib_init_clock_1                    0x08000213   Thumb Code     0  libinit2.o(.ARM.Collect$$libinit$$0000001F)
    __rt_lib_init_cpp_1                      0x08000213   Thumb Code     0  libinit2.o(.ARM.Collect$$libinit$$00000030)
    __rt_lib_init_exceptions_1               0x08000213   Thumb Code     0  libinit2.o(.ARM.Collect$$libinit$$0000002E)
    __rt_lib_init_fp_trap_1                  0x08000213   Thumb Code     0  libinit2.o(.ARM.Collect$$libinit$$0000001D)
    __rt_lib_init_getenv_1                   0x08000213   Thumb Code     0  libinit2.o(.ARM.Collect$$libinit$$00000021)
    __rt_lib_init_heap_1                     0x08000213   Thumb Code     0  libinit2.o(.ARM.Collect$$libinit$$00000008)
    __rt_lib_init_lc_collate_1               0x08000213   Thumb Code     0  libinit2.o(.ARM.Collect$$libinit$$0000000F)
    __rt_lib_init_lc_ctype_1                 0x08000213   Thumb Code     0  libinit2.o(.ARM.Collect$$libinit$$00000011)
    __rt_lib_init_lc_monetary_1              0x08000213   Thumb Code     0  libinit2.o(.ARM.Collect$$libinit$$00000013)
    __rt_lib_init_lc_numeric_1               0x08000213   Thumb Code     0  libinit2.o(.ARM.Collect$$libinit$$00000015)
    __rt_lib_init_lc_time_1                  0x08000213   Thumb Code     0  libinit2.o(.ARM.Collect$$libinit$$00000017)
    __rt_lib_init_rand_1                     0x08000213   Thumb Code     0  libinit2.o(.ARM.Collect$$libinit$$0000000C)
    __rt_lib_init_return                     0x08000213   Thumb Code     0  libinit2.o(.ARM.Collect$$libinit$$00000031)
    __rt_lib_init_signal_1                   0x08000213   Thumb Code     0  libinit2.o(.ARM.Collect$$libinit$$0000001B)
    __rt_lib_init_stdio_1                    0x08000213   Thumb Code     0  libinit2.o(.ARM.Collect$$libinit$$00000023)
    __rt_lib_init_user_alloc_1               0x08000213   Thumb Code     0  libinit2.o(.ARM.Collect$$libinit$$0000000A)
    __rt_lib_shutdown                        0x08000215   Thumb Code     0  libshutdown.o(.ARM.Collect$$libshutdown$$00000000)
    __rt_lib_shutdown_fp_trap_1              0x08000217   Thumb Code     0  libshutdown2.o(.ARM.Collect$$libshutdown$$00000006)
    __rt_lib_shutdown_heap_1                 0x08000217   Thumb Code     0  libshutdown2.o(.ARM.Collect$$libshutdown$$0000000E)
    __rt_lib_shutdown_return                 0x08000217   Thumb Code     0  libshutdown2.o(.ARM.Collect$$libshutdown$$0000000F)
    __rt_lib_shutdown_signal_1               0x08000217   Thumb Code     0  libshutdown2.o(.ARM.Collect$$libshutdown$$00000009)
    __rt_lib_shutdown_stdio_1                0x08000217   Thumb Code     0  libshutdown2.o(.ARM.Collect$$libshutdown$$00000003)
    __rt_lib_shutdown_user_alloc_1           0x08000217   Thumb Code     0  libshutdown2.o(.ARM.Collect$$libshutdown$$0000000B)
    __rt_entry                               0x08000219   Thumb Code     0  rtentry.o(.ARM.Collect$$rtentry$$00000000)
    __rt_entry_presh_1                       0x08000219   Thumb Code     0  rtentry2.o(.ARM.Collect$$rtentry$$00000002)
    __rt_entry_sh                            0x08000219   Thumb Code     0  rtentry4.o(.ARM.Collect$$rtentry$$00000004)
    __rt_entry_li                            0x0800021f   Thumb Code     0  rtentry2.o(.ARM.Collect$$rtentry$$0000000A)
    __rt_entry_postsh_1                      0x0800021f   Thumb Code     0  rtentry2.o(.ARM.Collect$$rtentry$$00000009)
    __rt_entry_main                          0x08000223   Thumb Code     0  rtentry2.o(.ARM.Collect$$rtentry$$0000000D)
    __rt_entry_postli_1                      0x08000223   Thumb Code     0  rtentry2.o(.ARM.Collect$$rtentry$$0000000C)
    __rt_exit                                0x0800022b   Thumb Code     0  rtexit.o(.ARM.Collect$$rtexit$$00000000)
    __rt_exit_ls                             0x0800022d   Thumb Code     0  rtexit2.o(.ARM.Collect$$rtexit$$00000003)
    __rt_exit_prels_1                        0x0800022d   Thumb Code     0  rtexit2.o(.ARM.Collect$$rtexit$$00000002)
    __rt_exit_exit                           0x08000231   Thumb Code     0  rtexit2.o(.ARM.Collect$$rtexit$$00000004)
    MSR_MSP                                  0x08000239   Thumb Code     6  sys.o(.emb_text)
    delay_init                               0x08000241   Thumb Code    56  delay.o(.text)
    delay_us                                 0x08000279   Thumb Code    56  delay.o(.text)
    delay_xms                                0x080002b1   Thumb Code    56  delay.o(.text)
    delay_ms                                 0x080002e9   Thumb Code    56  delay.o(.text)
    LCD_WriteReg                             0x08000329   Thumb Code    10  lcd.o(.text)
    LCD_Color_DrawPoint                      0x08000333   Thumb Code   110  lcd.o(.text)
    LCD_ShowChar                             0x080003a1   Thumb Code   230  lcd.o(.text)
    LCD_Pow                                  0x08000487   Thumb Code    22  lcd.o(.text)
    LCD_ShowNum                              0x0800049d   Thumb Code   172  lcd.o(.text)
    LCD_ShowString                           0x08000549   Thumb Code    64  lcd.o(.text)
    xianshi                                  0x08000589   Thumb Code    86  lcd.o(.text)
    LCD_ReadReg                              0x080005df   Thumb Code    22  lcd.o(.text)
    LCD_WriteRAM_Prepare                     0x080005f5   Thumb Code    10  lcd.o(.text)
    lcdm_delay                               0x080005ff   Thumb Code    14  lcd.o(.text)
    LCD_BGRtoRGB                             0x0800060d   Thumb Code    26  lcd.o(.text)
    LCD_SetCursor                            0x08000627   Thumb Code    96  lcd.o(.text)
    LCD_GetPoint                             0x08000687   Thumb Code   270  lcd.o(.text)
    LCD_DisplayOn                            0x08000795   Thumb Code    34  lcd.o(.text)
    LCD_DisplayOff                           0x080007b7   Thumb Code    32  lcd.o(.text)
    LCD_AUTOScan_Dir                         0x080007d7   Thumb Code   348  lcd.o(.text)
    LCD_Display_Dir                          0x08000933   Thumb Code   156  lcd.o(.text)
    LCD_DrawPoint                            0x080009cf   Thumb Code    30  lcd.o(.text)
    LCD_Set_Window                           0x080009ed   Thumb Code   196  lcd.o(.text)
    LCD_FSMC_Config                          0x08000ab1   Thumb Code   514  lcd.o(.text)
    LCD_Clear                                0x08000cb3   Thumb Code    48  lcd.o(.text)
    LCD_Init                                 0x08000ce3   Thumb Code  1640  lcd.o(.text)
    LCD_Color                                0x0800134b   Thumb Code    22  lcd.o(.text)
    LCD_Fill_onecolor                        0x08001361   Thumb Code   104  lcd.o(.text)
    LCD_Draw_Picture                         0x080013c9   Thumb Code    92  lcd.o(.text)
    LCD_Draw_Line                            0x08001425   Thumb Code   176  lcd.o(.text)
    LCD_Draw_Rectangle                       0x080014d5   Thumb Code    60  lcd.o(.text)
    LCD_Draw_Circle                          0x08001511   Thumb Code   152  lcd.o(.text)
    LCD_ShowNum_color                        0x080015a9   Thumb Code    78  lcd.o(.text)
    LCD_ShowString_color                     0x080015f7   Thumb Code    68  lcd.o(.text)
    SD_SetDeviceMode                         0x08001649   Thumb Code    20  sd.o(.text)
    SDIO_Clock_Set                           0x0800165d   Thumb Code    16  sd.o(.text)
    CmdResp1Error                            0x0800166d   Thumb Code    94  sd.o(.text)
    SDIO_Send_Cmd                            0x080016cb   Thumb Code    42  sd.o(.text)
    SDIO_Send_Data_Cfg                       0x080016f5   Thumb Code    52  sd.o(.text)
    FindSCR                                  0x08001729   Thumb Code   356  sd.o(.text)
    SDEnWideBus                              0x0800188d   Thumb Code   120  sd.o(.text)
    SD_EnableWideBusOperation                0x08001905   Thumb Code    94  sd.o(.text)
    SD_SelectDeselect                        0x08001963   Thumb Code    22  sd.o(.text)
    SD_GetCardInfo                           0x08001979   Thumb Code   794  sd.o(.text)
    CmdResp2Error                            0x08001c93   Thumb Code    98  sd.o(.text)
    CmdResp6Error                            0x08001cf5   Thumb Code   156  sd.o(.text)
    SD_InitializeCards                       0x08001d91   Thumb Code   276  sd.o(.text)
    CmdResp3Error                            0x08001ea5   Thumb Code    60  sd.o(.text)
    CmdResp7Error                            0x08001ee1   Thumb Code    90  sd.o(.text)
    CmdError                                 0x08001f3b   Thumb Code    52  sd.o(.text)
    SD_PowerON                               0x08001f6f   Thumb Code   364  sd.o(.text)
    SD_Init                                  0x080020db   Thumb Code   350  sd.o(.text)
    SD_PowerOFF                              0x08002239   Thumb Code    20  sd.o(.text)
    SD_DMA_Config                            0x0800224d   Thumb Code   184  sd.o(.text)
    convert_from_bytes_to_power_of_two       0x08002305   Thumb Code    18  sd.o(.text)
    SD_ReadBlock                             0x08002317   Thumb Code   556  sd.o(.text)
    SD_ReadMultiBlocks                       0x08002543   Thumb Code   702  sd.o(.text)
    IsCardProgramming                        0x08002801   Thumb Code   148  sd.o(.text)
    SD_WriteBlock                            0x08002895   Thumb Code   836  sd.o(.text)
    SD_WriteMultiBlocks                      0x08002bd9   Thumb Code   882  sd.o(.text)
    SD_ProcessIRQSrc                         0x08002f4b   Thumb Code   334  sd.o(.text)
    SDIO_IRQHandler                          0x08003099   Thumb Code     8  sd.o(.text)
    SD_SendStatus                            0x080030a1   Thumb Code    54  sd.o(.text)
    SD_GetState                              0x080030d7   Thumb Code    26  sd.o(.text)
    SD_ReadDisk                              0x080030f1   Thumb Code   152  sd.o(.text)
    SD_WriteDisk                             0x08003189   Thumb Code   152  sd.o(.text)
    _sys_exit                                0x0800323d   Thumb Code     6  usart.o(.text)
    fputc                                    0x08003243   Thumb Code    22  usart.o(.text)
    USART1_IRQHandler                        0x08003259   Thumb Code   116  usart.o(.text)
    uart_init                                0x080032cd   Thumb Code   240  usart.o(.text)
    MY_NVIC_SetVectorTable                   0x080033d5   Thumb Code    12  sys.o(.text)
    MY_NVIC_PriorityGroupConfig              0x080033e1   Thumb Code    36  sys.o(.text)
    MY_NVIC_Init                             0x08003405   Thumb Code   116  sys.o(.text)
    Ex_NVIC_Config                           0x08003479   Thumb Code   168  sys.o(.text)
    GPIO_AF_Set                              0x08003521   Thumb Code    64  sys.o(.text)
    GPIO_Set                                 0x08003561   Thumb Code   222  sys.o(.text)
    WFI_SET                                  0x0800363f   Thumb Code     4  sys.o(.text)
    INTX_DISABLE                             0x08003643   Thumb Code     4  sys.o(.text)
    INTX_ENABLE                              0x08003647   Thumb Code     4  sys.o(.text)
    Sys_Standby                              0x0800364b   Thumb Code    72  sys.o(.text)
    Sys_Soft_Reset                           0x08003693   Thumb Code    12  sys.o(.text)
    Sys_Clock_Set                            0x0800369f   Thumb Code   266  sys.o(.text)
    Stm32_Clock_Init                         0x080037a9   Thumb Code   134  sys.o(.text)
    STMFLASH_Unlock                          0x08003839   Thumb Code    12  flash.o(.text)
    STMFLASH_Lock                            0x08003845   Thumb Code    18  flash.o(.text)
    STMFLASH_GetStatus                       0x08003857   Thumb Code    62  flash.o(.text)
    STMFLASH_WaitDone                        0x08003895   Thumb Code    40  flash.o(.text)
    STMFLASH_EraseSector                     0x080038bd   Thumb Code   114  flash.o(.text)
    STMFLASH_WriteWord                       0x0800392f   Thumb Code    86  flash.o(.text)
    STMFLASH_ReadWord                        0x08003985   Thumb Code     6  flash.o(.text)
    STMFLASH_GetFlashSector                  0x0800398b   Thumb Code   116  flash.o(.text)
    STMFLASH_Write                           0x080039ff   Thumb Code   154  flash.o(.text)
    STMFLASH_Read                            0x08003a99   Thumb Code    32  flash.o(.text)
    Test_Write                               0x08003ab9   Thumb Code    16  flash.o(.text)
    iap_write_appbin                         0x08003ac9   Thumb Code   100  flash.o(.text)
    mymemcpy                                 0x08003b71   Thumb Code    26  malloc.o(.text)
    mymemset                                 0x08003b8b   Thumb Code    20  malloc.o(.text)
    my_mem_init                              0x08003b9f   Thumb Code    54  malloc.o(.text)
    my_mem_perused                           0x08003bd5   Thumb Code    54  malloc.o(.text)
    my_mem_malloc                            0x08003c0b   Thumb Code   154  malloc.o(.text)
    my_mem_free                              0x08003ca5   Thumb Code    94  malloc.o(.text)
    myfree                                   0x08003d03   Thumb Code    32  malloc.o(.text)
    mymalloc                                 0x08003d23   Thumb Code    36  malloc.o(.text)
    myrealloc                                0x08003d47   Thumb Code    68  malloc.o(.text)
    KEY_Init                                 0x08003d9d   Thumb Code    38  key.o(.text)
    EXTIX_Init                               0x08003dc3   Thumb Code    50  key.o(.text)
    KEY_Scan                                 0x08003df5   Thumb Code    68  key.o(.text)
    EXTI9_5_IRQHandler                       0x08003e39   Thumb Code    10  key.o(.text)
    iap_load_app                             0x08003e51   Thumb Code    62  main.o(.text)
    main                                     0x08003e8f   Thumb Code   526  main.o(.text)
    disk_initialize                          0x080041d5   Thumb Code    48  diskio.o(.text)
    disk_status                              0x08004205   Thumb Code     6  diskio.o(.text)
    disk_read                                0x0800420b   Thumb Code   110  diskio.o(.text)
    disk_write                               0x08004279   Thumb Code   110  diskio.o(.text)
    disk_ioctl                               0x080042e7   Thumb Code   170  diskio.o(.text)
    get_fattime                              0x08004391   Thumb Code     4  diskio.o(.text)
    ff_memalloc                              0x08004395   Thumb Code    14  diskio.o(.text)
    ff_memfree                               0x080043a3   Thumb Code    14  diskio.o(.text)
    clust2sect                               0x08004567   Thumb Code    26  ff.o(.text)
    get_fat                                  0x08004581   Thumb Code   232  ff.o(.text)
    put_fat                                  0x08004669   Thumb Code   310  ff.o(.text)
    dir_sdi                                  0x08004913   Thumb Code   158  ff.o(.text)
    f_mount                                  0x08005985   Thumb Code    86  ff.o(.text)
    f_open                                   0x080059db   Thumb Code   384  ff.o(.text)
    f_read                                   0x08005b5b   Thumb Code   448  ff.o(.text)
    f_write                                  0x08005d1b   Thumb Code   490  ff.o(.text)
    f_sync                                   0x08005f05   Thumb Code   176  ff.o(.text)
    f_close                                  0x08005fb5   Thumb Code    36  ff.o(.text)
    f_lseek                                  0x08005fd9   Thumb Code   654  ff.o(.text)
    f_opendir                                0x08006267   Thumb Code   136  ff.o(.text)
    f_closedir                               0x080062ef   Thumb Code    22  ff.o(.text)
    f_readdir                                0x08006305   Thumb Code   114  ff.o(.text)
    f_stat                                   0x08006377   Thumb Code    84  ff.o(.text)
    f_getfree                                0x080063cb   Thumb Code   258  ff.o(.text)
    f_truncate                               0x080064cd   Thumb Code   184  ff.o(.text)
    f_unlink                                 0x08006585   Thumb Code   194  ff.o(.text)
    f_mkdir                                  0x08006647   Thumb Code   380  ff.o(.text)
    f_chmod                                  0x080067c3   Thumb Code   112  ff.o(.text)
    f_utime                                  0x08006833   Thumb Code   110  ff.o(.text)
    f_rename                                 0x080068a1   Thumb Code   314  ff.o(.text)
    f_getlabel                               0x080069db   Thumb Code   190  ff.o(.text)
    f_setlabel                               0x08006a99   Thumb Code   470  ff.o(.text)
    f_mkfs                                   0x08006c6f   Thumb Code  1570  ff.o(.text)
    f_gets                                   0x08007291   Thumb Code    82  ff.o(.text)
    f_putc                                   0x08007327   Thumb Code    64  ff.o(.text)
    f_puts                                   0x08007367   Thumb Code    74  ff.o(.text)
    f_printf                                 0x080073b1   Thumb Code   674  ff.o(.text)
    ff_convert                               0x08007655   Thumb Code   116  cc936.o(.text)
    ff_wtoupper                              0x080076c9   Thumb Code    46  cc936.o(.text)
    mf_mount                                 0x08007709   Thumb Code    20  fattester.o(.text)
    mf_open                                  0x0800771d   Thumb Code    24  fattester.o(.text)
    mf_close                                 0x08007735   Thumb Code    14  fattester.o(.text)
    mf_read                                  0x08007743   Thumb Code   154  fattester.o(.text)
    mf_write                                 0x080077dd   Thumb Code    70  fattester.o(.text)
    mf_opendir                               0x08007823   Thumb Code    14  fattester.o(.text)
    mf_closedir                              0x08007831   Thumb Code    10  fattester.o(.text)
    mf_readdir                               0x0800783b   Thumb Code    88  fattester.o(.text)
    mf_scan_files                            0x08007893   Thumb Code   126  fattester.o(.text)
    mf_showfree                              0x08007911   Thumb Code    60  fattester.o(.text)
    mf_lseek                                 0x0800794d   Thumb Code    16  fattester.o(.text)
    mf_tell                                  0x0800795d   Thumb Code     8  fattester.o(.text)
    mf_size                                  0x08007965   Thumb Code     8  fattester.o(.text)
    mf_mkdir                                 0x0800796d   Thumb Code    12  fattester.o(.text)
    mf_fmkfs                                 0x08007979   Thumb Code    20  fattester.o(.text)
    mf_unlink                                0x0800798d   Thumb Code    12  fattester.o(.text)
    mf_rename                                0x08007999   Thumb Code    16  fattester.o(.text)
    mf_getlabel                              0x080079a9   Thumb Code    58  fattester.o(.text)
    mf_setlabel                              0x080079e3   Thumb Code    34  fattester.o(.text)
    mf_gets                                  0x08007a05   Thumb Code    38  fattester.o(.text)
    mf_putc                                  0x08007a2b   Thumb Code    18  fattester.o(.text)
    mf_puts                                  0x08007a3d   Thumb Code    18  fattester.o(.text)
    exfuns_init                              0x08007b81   Thumb Code   114  exfuns.o(.text)
    char_upper                               0x08007bf3   Thumb Code    26  exfuns.o(.text)
    f_typetell                               0x08007c0d   Thumb Code   172  exfuns.o(.text)
    exf_getfree                              0x08007cb9   Thumb Code    74  exfuns.o(.text)
    Reset_Handler                            0x08007d19   Thumb Code     8  startup_stm32f40_41xxx.o(.text)
    NMI_Handler                              0x08007d21   Thumb Code     2  startup_stm32f40_41xxx.o(.text)
    HardFault_Handler                        0x08007d23   Thumb Code     2  startup_stm32f40_41xxx.o(.text)
    MemManage_Handler                        0x08007d25   Thumb Code     2  startup_stm32f40_41xxx.o(.text)
    BusFault_Handler                         0x08007d27   Thumb Code     2  startup_stm32f40_41xxx.o(.text)
    UsageFault_Handler                       0x08007d29   Thumb Code     2  startup_stm32f40_41xxx.o(.text)
    SVC_Handler                              0x08007d2b   Thumb Code     2  startup_stm32f40_41xxx.o(.text)
    DebugMon_Handler                         0x08007d2d   Thumb Code     2  startup_stm32f40_41xxx.o(.text)
    PendSV_Handler                           0x08007d2f   Thumb Code     2  startup_stm32f40_41xxx.o(.text)
    SysTick_Handler                          0x08007d31   Thumb Code     2  startup_stm32f40_41xxx.o(.text)
    ADC_IRQHandler                           0x08007d33   Thumb Code     0  startup_stm32f40_41xxx.o(.text)
    CAN1_RX0_IRQHandler                      0x08007d33   Thumb Code     0  startup_stm32f40_41xxx.o(.text)
    CAN1_RX1_IRQHandler                      0x08007d33   Thumb Code     0  startup_stm32f40_41xxx.o(.text)
    CAN1_SCE_IRQHandler                      0x08007d33   Thumb Code     0  startup_stm32f40_41xxx.o(.text)
    CAN1_TX_IRQHandler                       0x08007d33   Thumb Code     0  startup_stm32f40_41xxx.o(.text)
    CAN2_RX0_IRQHandler                      0x08007d33   Thumb Code     0  startup_stm32f40_41xxx.o(.text)
    CAN2_RX1_IRQHandler                      0x08007d33   Thumb Code     0  startup_stm32f40_41xxx.o(.text)
    CAN2_SCE_IRQHandler                      0x08007d33   Thumb Code     0  startup_stm32f40_41xxx.o(.text)
    CAN2_TX_IRQHandler                       0x08007d33   Thumb Code     0  startup_stm32f40_41xxx.o(.text)
    CRYP_IRQHandler                          0x08007d33   Thumb Code     0  startup_stm32f40_41xxx.o(.text)
    DCMI_IRQHandler                          0x08007d33   Thumb Code     0  startup_stm32f40_41xxx.o(.text)
    DMA1_Stream0_IRQHandler                  0x08007d33   Thumb Code     0  startup_stm32f40_41xxx.o(.text)
    DMA1_Stream1_IRQHandler                  0x08007d33   Thumb Code     0  startup_stm32f40_41xxx.o(.text)
    DMA1_Stream2_IRQHandler                  0x08007d33   Thumb Code     0  startup_stm32f40_41xxx.o(.text)
    DMA1_Stream3_IRQHandler                  0x08007d33   Thumb Code     0  startup_stm32f40_41xxx.o(.text)
    DMA1_Stream4_IRQHandler                  0x08007d33   Thumb Code     0  startup_stm32f40_41xxx.o(.text)
    DMA1_Stream5_IRQHandler                  0x08007d33   Thumb Code     0  startup_stm32f40_41xxx.o(.text)
    DMA1_Stream6_IRQHandler                  0x08007d33   Thumb Code     0  startup_stm32f40_41xxx.o(.text)
    DMA1_Stream7_IRQHandler                  0x08007d33   Thumb Code     0  startup_stm32f40_41xxx.o(.text)
    DMA2_Stream0_IRQHandler                  0x08007d33   Thumb Code     0  startup_stm32f40_41xxx.o(.text)
    DMA2_Stream1_IRQHandler                  0x08007d33   Thumb Code     0  startup_stm32f40_41xxx.o(.text)
    DMA2_Stream2_IRQHandler                  0x08007d33   Thumb Code     0  startup_stm32f40_41xxx.o(.text)
    DMA2_Stream3_IRQHandler                  0x08007d33   Thumb Code     0  startup_stm32f40_41xxx.o(.text)
    DMA2_Stream4_IRQHandler                  0x08007d33   Thumb Code     0  startup_stm32f40_41xxx.o(.text)
    DMA2_Stream5_IRQHandler                  0x08007d33   Thumb Code     0  startup_stm32f40_41xxx.o(.text)
    DMA2_Stream6_IRQHandler                  0x08007d33   Thumb Code     0  startup_stm32f40_41xxx.o(.text)
    DMA2_Stream7_IRQHandler                  0x08007d33   Thumb Code     0  startup_stm32f40_41xxx.o(.text)
    ETH_IRQHandler                           0x08007d33   Thumb Code     0  startup_stm32f40_41xxx.o(.text)
    ETH_WKUP_IRQHandler                      0x08007d33   Thumb Code     0  startup_stm32f40_41xxx.o(.text)
    EXTI0_IRQHandler                         0x08007d33   Thumb Code     0  startup_stm32f40_41xxx.o(.text)
    EXTI15_10_IRQHandler                     0x08007d33   Thumb Code     0  startup_stm32f40_41xxx.o(.text)
    EXTI1_IRQHandler                         0x08007d33   Thumb Code     0  startup_stm32f40_41xxx.o(.text)
    EXTI2_IRQHandler                         0x08007d33   Thumb Code     0  startup_stm32f40_41xxx.o(.text)
    EXTI3_IRQHandler                         0x08007d33   Thumb Code     0  startup_stm32f40_41xxx.o(.text)
    EXTI4_IRQHandler                         0x08007d33   Thumb Code     0  startup_stm32f40_41xxx.o(.text)
    FLASH_IRQHandler                         0x08007d33   Thumb Code     0  startup_stm32f40_41xxx.o(.text)
    FPU_IRQHandler                           0x08007d33   Thumb Code     0  startup_stm32f40_41xxx.o(.text)
    FSMC_IRQHandler                          0x08007d33   Thumb Code     0  startup_stm32f40_41xxx.o(.text)
    HASH_RNG_IRQHandler                      0x08007d33   Thumb Code     0  startup_stm32f40_41xxx.o(.text)
    I2C1_ER_IRQHandler                       0x08007d33   Thumb Code     0  startup_stm32f40_41xxx.o(.text)
    I2C1_EV_IRQHandler                       0x08007d33   Thumb Code     0  startup_stm32f40_41xxx.o(.text)
    I2C2_ER_IRQHandler                       0x08007d33   Thumb Code     0  startup_stm32f40_41xxx.o(.text)
    I2C2_EV_IRQHandler                       0x08007d33   Thumb Code     0  startup_stm32f40_41xxx.o(.text)
    I2C3_ER_IRQHandler                       0x08007d33   Thumb Code     0  startup_stm32f40_41xxx.o(.text)
    I2C3_EV_IRQHandler                       0x08007d33   Thumb Code     0  startup_stm32f40_41xxx.o(.text)
    OTG_FS_IRQHandler                        0x08007d33   Thumb Code     0  startup_stm32f40_41xxx.o(.text)
    OTG_FS_WKUP_IRQHandler                   0x08007d33   Thumb Code     0  startup_stm32f40_41xxx.o(.text)
    OTG_HS_EP1_IN_IRQHandler                 0x08007d33   Thumb Code     0  startup_stm32f40_41xxx.o(.text)
    OTG_HS_EP1_OUT_IRQHandler                0x08007d33   Thumb Code     0  startup_stm32f40_41xxx.o(.text)
    OTG_HS_IRQHandler                        0x08007d33   Thumb Code     0  startup_stm32f40_41xxx.o(.text)
    OTG_HS_WKUP_IRQHandler                   0x08007d33   Thumb Code     0  startup_stm32f40_41xxx.o(.text)
    PVD_IRQHandler                           0x08007d33   Thumb Code     0  startup_stm32f40_41xxx.o(.text)
    RCC_IRQHandler                           0x08007d33   Thumb Code     0  startup_stm32f40_41xxx.o(.text)
    RTC_Alarm_IRQHandler                     0x08007d33   Thumb Code     0  startup_stm32f40_41xxx.o(.text)
    RTC_WKUP_IRQHandler                      0x08007d33   Thumb Code     0  startup_stm32f40_41xxx.o(.text)
    SPI1_IRQHandler                          0x08007d33   Thumb Code     0  startup_stm32f40_41xxx.o(.text)
    SPI2_IRQHandler                          0x08007d33   Thumb Code     0  startup_stm32f40_41xxx.o(.text)
    SPI3_IRQHandler                          0x08007d33   Thumb Code     0  startup_stm32f40_41xxx.o(.text)
    TAMP_STAMP_IRQHandler                    0x08007d33   Thumb Code     0  startup_stm32f40_41xxx.o(.text)
    TIM1_BRK_TIM9_IRQHandler                 0x08007d33   Thumb Code     0  startup_stm32f40_41xxx.o(.text)
    TIM1_CC_IRQHandler                       0x08007d33   Thumb Code     0  startup_stm32f40_41xxx.o(.text)
    TIM1_TRG_COM_TIM11_IRQHandler            0x08007d33   Thumb Code     0  startup_stm32f40_41xxx.o(.text)
    TIM1_UP_TIM10_IRQHandler                 0x08007d33   Thumb Code     0  startup_stm32f40_41xxx.o(.text)
    TIM2_IRQHandler                          0x08007d33   Thumb Code     0  startup_stm32f40_41xxx.o(.text)
    TIM3_IRQHandler                          0x08007d33   Thumb Code     0  startup_stm32f40_41xxx.o(.text)
    TIM4_IRQHandler                          0x08007d33   Thumb Code     0  startup_stm32f40_41xxx.o(.text)
    TIM5_IRQHandler                          0x08007d33   Thumb Code     0  startup_stm32f40_41xxx.o(.text)
    TIM6_DAC_IRQHandler                      0x08007d33   Thumb Code     0  startup_stm32f40_41xxx.o(.text)
    TIM7_IRQHandler                          0x08007d33   Thumb Code     0  startup_stm32f40_41xxx.o(.text)
    TIM8_BRK_TIM12_IRQHandler                0x08007d33   Thumb Code     0  startup_stm32f40_41xxx.o(.text)
    TIM8_CC_IRQHandler                       0x08007d33   Thumb Code     0  startup_stm32f40_41xxx.o(.text)
    TIM8_TRG_COM_TIM14_IRQHandler            0x08007d33   Thumb Code     0  startup_stm32f40_41xxx.o(.text)
    TIM8_UP_TIM13_IRQHandler                 0x08007d33   Thumb Code     0  startup_stm32f40_41xxx.o(.text)
    UART4_IRQHandler                         0x08007d33   Thumb Code     0  startup_stm32f40_41xxx.o(.text)
    UART5_IRQHandler                         0x08007d33   Thumb Code     0  startup_stm32f40_41xxx.o(.text)
    USART2_IRQHandler                        0x08007d33   Thumb Code     0  startup_stm32f40_41xxx.o(.text)
    USART3_IRQHandler                        0x08007d33   Thumb Code     0  startup_stm32f40_41xxx.o(.text)
    USART6_IRQHandler                        0x08007d33   Thumb Code     0  startup_stm32f40_41xxx.o(.text)
    WWDG_IRQHandler                          0x08007d33   Thumb Code     0  startup_stm32f40_41xxx.o(.text)
    __user_initial_stackheap                 0x08007d35   Thumb Code     0  startup_stm32f40_41xxx.o(.text)
    SystemInit                               0x08007e35   Thumb Code    88  system_stm32f4xx.o(.text)
    SystemCoreClockUpdate                    0x08007e8d   Thumb Code   174  system_stm32f4xx.o(.text)
    __use_no_semihosting                     0x08007f69   Thumb Code     2  use_no_semi_2.o(.text)
    __aeabi_ldivmod                          0x08007f6b   Thumb Code     0  llsdiv.o(.text)
    _ll_sdiv                                 0x08007f6b   Thumb Code    72  llsdiv.o(.text)
    __2printf                                0x08007fb5   Thumb Code    20  noretval__2printf.o(.text)
    __printf                                 0x08007fcd   Thumb Code   104  __printf.o(.text)
    _printf_str                              0x08008035   Thumb Code    82  _printf_str.o(.text)
    _printf_int_hex                          0x08008089   Thumb Code    84  _printf_hex_int.o(.text)
    _printf_longlong_hex                     0x08008089   Thumb Code     0  _printf_hex_int.o(.text)
    strcpy                                   0x080080e1   Thumb Code    72  strcpy.o(.text)
    strlen                                   0x08008129   Thumb Code    62  strlen.o(.text)
    __aeabi_memcpy                           0x08008167   Thumb Code     0  rt_memcpy_v6.o(.text)
    __rt_memcpy                              0x08008167   Thumb Code   138  rt_memcpy_v6.o(.text)
    _memcpy_lastbytes                        0x080081cd   Thumb Code     0  rt_memcpy_v6.o(.text)
    strcmp                                   0x080081f1   Thumb Code   128  strcmpv7m.o(.text)
    __use_two_region_memory                  0x08008271   Thumb Code     2  heapauxi.o(.text)
    __rt_heap_escrow$2region                 0x08008273   Thumb Code     2  heapauxi.o(.text)
    __rt_heap_expand$2region                 0x08008275   Thumb Code     2  heapauxi.o(.text)
    __I$use$semihosting                      0x08008277   Thumb Code     0  use_no_semi.o(.text)
    __use_no_semihosting_swi                 0x08008277   Thumb Code     2  use_no_semi.o(.text)
    __aeabi_uldivmod                         0x08008279   Thumb Code     0  lludivv7m.o(.text)
    _ll_udiv                                 0x08008279   Thumb Code   238  lludivv7m.o(.text)
    _printf_int_common                       0x08008367   Thumb Code   178  _printf_intcommon.o(.text)
    _printf_cs_common                        0x08008419   Thumb Code    20  _printf_char.o(.text)
    _printf_char                             0x0800842d   Thumb Code    16  _printf_char.o(.text)
    _printf_string                           0x0800843d   Thumb Code     8  _printf_char.o(.text)
    _printf_char_file                        0x08008445   Thumb Code    32  _printf_char_file.o(.text)
    __aeabi_memcpy4                          0x08008469   Thumb Code     0  rt_memcpy_w.o(.text)
    __aeabi_memcpy8                          0x08008469   Thumb Code     0  rt_memcpy_w.o(.text)
    __rt_memcpy_w                            0x08008469   Thumb Code   100  rt_memcpy_w.o(.text)
    _memcpy_lastbytes_aligned                0x080084b1   Thumb Code     0  rt_memcpy_w.o(.text)
    _printf_char_common                      0x080084d7   Thumb Code    32  _printf_char_common.o(.text)
    ferror                                   0x080084fd   Thumb Code     8  ferror.o(.text)
    __user_setup_stackheap                   0x08008505   Thumb Code    74  sys_stackheap_outer.o(.text)
    exit                                     0x0800854f   Thumb Code    12  exit.o(.text)
    __user_libspace                          0x0800855d   Thumb Code     8  libspace.o(.text)
    __user_perproc_libspace                  0x0800855d   Thumb Code     0  libspace.o(.text)
    __user_perthread_libspace                0x0800855d   Thumb Code     0  libspace.o(.text)
    _fp_init                                 0x08008565   Thumb Code    10  fpinit.o(x$fpl$fpinit)
    __fplib_config_fpu_vfp                   0x0800856d   Thumb Code     0  fpinit.o(x$fpl$fpinit)
    __fplib_config_pureend_doubles           0x0800856d   Thumb Code     0  fpinit.o(x$fpl$fpinit)
    char_1206                                0x0800856e   Data        1140  lcd.o(.constdata)
    char_1608                                0x080089e2   Data        1520  lcd.o(.constdata)
    char_2412                                0x08008fd2   Data        3420  lcd.o(.constdata)
    memtblsize                               0x08009d30   Data          12  malloc.o(.constdata)
    memblksize                               0x08009d3c   Data          12  malloc.o(.constdata)
    memsize                                  0x08009d48   Data          12  malloc.o(.constdata)
    FILE_TYPE_TBL                            0x08034a58   Data         112  exfuns.o(.constdata)
    Region$$Table$$Base                      0x08034b34   Number         0  anon$$obj.o(Region$$Table)
    Region$$Table$$Limit                     0x08034b54   Number         0  anon$$obj.o(Region$$Table)
    mem3base                                 0x10000000   Data       61440  malloc.o(.ARM.__AT_0x10000000)
    mem3mapbase                              0x1000f000   Data        3840  malloc.o(.ARM.__AT_0x1000F000)
    BRUSH_COLOR                              0x20000004   Data           2  lcd.o(.data)
    BACK_COLOR                               0x20000006   Data           2  lcd.o(.data)
    lcd_id                                   0x20000008   Data           2  lcd.o(.data)
    dir_flag                                 0x2000000a   Data           1  lcd.o(.data)
    lcd_width                                0x2000000c   Data           2  lcd.o(.data)
    lcd_height                               0x2000000e   Data           2  lcd.o(.data)
    write_gramcmd                            0x20000010   Data           2  lcd.o(.data)
    setxcmd                                  0x20000012   Data           2  lcd.o(.data)
    setycmd                                  0x20000014   Data           2  lcd.o(.data)
    yy                                       0x20000018   Data           4  lcd.o(.data)
    TransferError                            0x20000026   Data           1  sd.o(.data)
    TransferEnd                              0x20000027   Data           1  sd.o(.data)
    tempbuff                                 0x20000028   Data           4  sd.o(.data)
    __stdout                                 0x2000002c   Data           4  usart.o(.data)
    USART_RX_STA                             0x20000030   Data           2  usart.o(.data)
    mallco_dev                               0x20000034   Data          36  malloc.o(.data)
    n                                        0x20000058   Data           1  main.o(.data)
    jump2app                                 0x2000005c   Data           4  main.o(.data)
    FLASH_SECTOR_COUNT                       0x20000060   Data           2  diskio.o(.data)
    file                                     0x20000064   Data           4  exfuns.o(.data)
    ftemp                                    0x20000068   Data           4  exfuns.o(.data)
    br                                       0x2000006c   Data           4  exfuns.o(.data)
    bw                                       0x20000070   Data           4  exfuns.o(.data)
    fatbuf                                   0x20000074   Data           4  exfuns.o(.data)
    SystemCoreClock                          0x20000078   Data           4  system_stm32f4xx.o(.data)
    AHBPrescTable                            0x2000007c   Data          16  system_stm32f4xx.o(.data)
    SDCardInfo                               0x200000b0   Data          88  sd.o(.bss)
    SDIO_DATA_BUFFER                         0x20000108   Data         512  sd.o(.bss)
    USART_RX_BUF                             0x20000308   Data         200  usart.o(.bss)
    iapbuf                                   0x200003d0   Data        2048  flash.o(.bss)
    name                                     0x20000bd0   Data         200  main.o(.bss)
    fs                                       0x20000ca4   Data          12  exfuns.o(.bss)
    fileinfo                                 0x20000cb0   Data          32  exfuns.o(.bss)
    dir                                      0x20000cd0   Data          36  exfuns.o(.bss)
    __libspace_start                         0x20000cf4   Data          96  libspace.o(.bss)
    __temporary_stack_top$libspace           0x20000d54   Data           0  libspace.o(.bss)
    buffers                                  0x20001000   Data       71680  main.o(.ARM.__AT_0x20001000)
    mem1mapbase                              0x20012800   Data        1536  malloc.o(.bss)
    mem1base                                 0x2001a000   Data       24576  malloc.o(.ARM.__AT_0x2001A000)
    mem2base                                 0x68000000   Data       983040  malloc.o(.ARM.__AT_0x68000000)
    mem2mapbase                              0x680f0000   Data       61440  malloc.o(.ARM.__AT_0x680F0000)



==============================================================================

Memory Map of the image

  Image Entry point : 0x08000189

  Load Region LR_IROM1 (Base: 0x08000000, Size: 0x00034be0, Max: 0x00100000, ABSOLUTE)

    Execution Region ER_IROM1 (Base: 0x08000000, Size: 0x00034b54, Max: 0x00100000, ABSOLUTE)

    Base Addr    Size         Type   Attr      Idx    E Section Name        Object

    0x08000000   0x00000188   Data   RO          496    RESET               startup_stm32f40_41xxx.o
    0x08000188   0x00000008   Code   RO          595  * !!!main             c_w.l(__main.o)
    0x08000190   0x00000034   Code   RO          776    !!!scatter          c_w.l(__scatter.o)
    0x080001c4   0x0000001a   Code   RO          778    !!handler_copy      c_w.l(__scatter_copy.o)
    0x080001de   0x00000002   PAD
    0x080001e0   0x0000001c   Code   RO          780    !!handler_zi        c_w.l(__scatter_zi.o)
    0x080001fc   0x00000000   Code   RO          584    .ARM.Collect$$_printf_percent$$00000000  c_w.l(_printf_percent.o)
    0x080001fc   0x00000006   Code   RO          583    .ARM.Collect$$_printf_percent$$0000000C  c_w.l(_printf_x.o)
    0x08000202   0x00000006   Code   RO          582    .ARM.Collect$$_printf_percent$$00000014  c_w.l(_printf_s.o)
    0x08000208   0x00000004   Code   RO          608    .ARM.Collect$$_printf_percent$$00000017  c_w.l(_printf_percent_end.o)
    0x0800020c   0x00000002   Code   RO          649    .ARM.Collect$$libinit$$00000000  c_w.l(libinit.o)
    0x0800020e   0x00000004   Code   RO          659    .ARM.Collect$$libinit$$00000001  c_w.l(libinit2.o)
    0x08000212   0x00000000   Code   RO          663    .ARM.Collect$$libinit$$00000008  c_w.l(libinit2.o)
    0x08000212   0x00000000   Code   RO          665    .ARM.Collect$$libinit$$0000000A  c_w.l(libinit2.o)
    0x08000212   0x00000000   Code   RO          667    .ARM.Collect$$libinit$$0000000C  c_w.l(libinit2.o)
    0x08000212   0x00000000   Code   RO          670    .ARM.Collect$$libinit$$0000000F  c_w.l(libinit2.o)
    0x08000212   0x00000000   Code   RO          672    .ARM.Collect$$libinit$$00000011  c_w.l(libinit2.o)
    0x08000212   0x00000000   Code   RO          674    .ARM.Collect$$libinit$$00000013  c_w.l(libinit2.o)
    0x08000212   0x00000000   Code   RO          676    .ARM.Collect$$libinit$$00000015  c_w.l(libinit2.o)
    0x08000212   0x00000000   Code   RO          678    .ARM.Collect$$libinit$$00000017  c_w.l(libinit2.o)
    0x08000212   0x00000000   Code   RO          680    .ARM.Collect$$libinit$$00000019  c_w.l(libinit2.o)
    0x08000212   0x00000000   Code   RO          682    .ARM.Collect$$libinit$$0000001B  c_w.l(libinit2.o)
    0x08000212   0x00000000   Code   RO          684    .ARM.Collect$$libinit$$0000001D  c_w.l(libinit2.o)
    0x08000212   0x00000000   Code   RO          686    .ARM.Collect$$libinit$$0000001F  c_w.l(libinit2.o)
    0x08000212   0x00000000   Code   RO          688    .ARM.Collect$$libinit$$00000021  c_w.l(libinit2.o)
    0x08000212   0x00000000   Code   RO          690    .ARM.Collect$$libinit$$00000023  c_w.l(libinit2.o)
    0x08000212   0x00000000   Code   RO          694    .ARM.Collect$$libinit$$0000002A  c_w.l(libinit2.o)
    0x08000212   0x00000000   Code   RO          696    .ARM.Collect$$libinit$$0000002C  c_w.l(libinit2.o)
    0x08000212   0x00000000   Code   RO          698    .ARM.Collect$$libinit$$0000002E  c_w.l(libinit2.o)
    0x08000212   0x00000000   Code   RO          700    .ARM.Collect$$libinit$$00000030  c_w.l(libinit2.o)
    0x08000212   0x00000002   Code   RO          701    .ARM.Collect$$libinit$$00000031  c_w.l(libinit2.o)
    0x08000214   0x00000002   Code   RO          729    .ARM.Collect$$libshutdown$$00000000  c_w.l(libshutdown.o)
    0x08000216   0x00000000   Code   RO          744    .ARM.Collect$$libshutdown$$00000003  c_w.l(libshutdown2.o)
    0x08000216   0x00000000   Code   RO          747    .ARM.Collect$$libshutdown$$00000006  c_w.l(libshutdown2.o)
    0x08000216   0x00000000   Code   RO          750    .ARM.Collect$$libshutdown$$00000009  c_w.l(libshutdown2.o)
    0x08000216   0x00000000   Code   RO          752    .ARM.Collect$$libshutdown$$0000000B  c_w.l(libshutdown2.o)
    0x08000216   0x00000000   Code   RO          755    .ARM.Collect$$libshutdown$$0000000E  c_w.l(libshutdown2.o)
    0x08000216   0x00000002   Code   RO          756    .ARM.Collect$$libshutdown$$0000000F  c_w.l(libshutdown2.o)
    0x08000218   0x00000000   Code   RO          599    .ARM.Collect$$rtentry$$00000000  c_w.l(rtentry.o)
    0x08000218   0x00000000   Code   RO          612    .ARM.Collect$$rtentry$$00000002  c_w.l(rtentry2.o)
    0x08000218   0x00000006   Code   RO          624    .ARM.Collect$$rtentry$$00000004  c_w.l(rtentry4.o)
    0x0800021e   0x00000000   Code   RO          614    .ARM.Collect$$rtentry$$00000009  c_w.l(rtentry2.o)
    0x0800021e   0x00000004   Code   RO          615    .ARM.Collect$$rtentry$$0000000A  c_w.l(rtentry2.o)
    0x08000222   0x00000000   Code   RO          617    .ARM.Collect$$rtentry$$0000000C  c_w.l(rtentry2.o)
    0x08000222   0x00000008   Code   RO          618    .ARM.Collect$$rtentry$$0000000D  c_w.l(rtentry2.o)
    0x0800022a   0x00000002   Code   RO          653    .ARM.Collect$$rtexit$$00000000  c_w.l(rtexit.o)
    0x0800022c   0x00000000   Code   RO          703    .ARM.Collect$$rtexit$$00000002  c_w.l(rtexit2.o)
    0x0800022c   0x00000004   Code   RO          704    .ARM.Collect$$rtexit$$00000003  c_w.l(rtexit2.o)
    0x08000230   0x00000006   Code   RO          705    .ARM.Collect$$rtexit$$00000004  c_w.l(rtexit2.o)
    0x08000236   0x00000002   PAD
    0x08000238   0x00000006   Code   RO          162    .emb_text           sys.o
    0x0800023e   0x00000002   PAD
    0x08000240   0x000000e8   Code   RO            3    .text               delay.o
    0x08000328   0x00001320   Code   RO           57    .text               lcd.o
    0x08001648   0x00001bf4   Code   RO           93    .text               sd.o
    0x0800323c   0x00000198   Code   RO          131    .text               usart.o
    0x080033d4   0x00000464   Code   RO          163    .text               sys.o
    0x08003838   0x00000338   Code   RO          186    .text               flash.o
    0x08003b70   0x0000022c   Code   RO          212    .text               malloc.o
    0x08003d9c   0x000000b4   Code   RO          245    .text               key.o
    0x08003e50   0x00000384   Code   RO          291    .text               main.o
    0x080041d4   0x000001e4   Code   RO          358    .text               diskio.o
    0x080043b8   0x0000329a   Code   RO          382    .text               ff.o
    0x08007652   0x00000002   PAD
    0x08007654   0x000000b4   Code   RO          404    .text               cc936.o
    0x08007708   0x00000478   Code   RO          429    .text               fattester.o
    0x08007b80   0x00000198   Code   RO          467    .text               exfuns.o
    0x08007d18   0x00000040   Code   RO          497    .text               startup_stm32f40_41xxx.o
    0x08007d58   0x00000210   Code   RO          503    .text               system_stm32f4xx.o
    0x08007f68   0x00000002   Code   RO          529    .text               c_w.l(use_no_semi_2.o)
    0x08007f6a   0x00000048   Code   RO          531    .text               c_w.l(llsdiv.o)
    0x08007fb2   0x00000002   PAD
    0x08007fb4   0x00000018   Code   RO          535    .text               c_w.l(noretval__2printf.o)
    0x08007fcc   0x00000068   Code   RO          537    .text               c_w.l(__printf.o)
    0x08008034   0x00000052   Code   RO          539    .text               c_w.l(_printf_str.o)
    0x08008086   0x00000002   PAD
    0x08008088   0x00000058   Code   RO          544    .text               c_w.l(_printf_hex_int.o)
    0x080080e0   0x00000048   Code   RO          585    .text               c_w.l(strcpy.o)
    0x08008128   0x0000003e   Code   RO          587    .text               c_w.l(strlen.o)
    0x08008166   0x0000008a   Code   RO          589    .text               c_w.l(rt_memcpy_v6.o)
    0x080081f0   0x00000080   Code   RO          591    .text               c_w.l(strcmpv7m.o)
    0x08008270   0x00000006   Code   RO          593    .text               c_w.l(heapauxi.o)
    0x08008276   0x00000002   Code   RO          597    .text               c_w.l(use_no_semi.o)
    0x08008278   0x000000ee   Code   RO          600    .text               c_w.l(lludivv7m.o)
    0x08008366   0x000000b2   Code   RO          602    .text               c_w.l(_printf_intcommon.o)
    0x08008418   0x0000002c   Code   RO          604    .text               c_w.l(_printf_char.o)
    0x08008444   0x00000024   Code   RO          606    .text               c_w.l(_printf_char_file.o)
    0x08008468   0x00000064   Code   RO          609    .text               c_w.l(rt_memcpy_w.o)
    0x080084cc   0x00000030   Code   RO          630    .text               c_w.l(_printf_char_common.o)
    0x080084fc   0x00000008   Code   RO          632    .text               c_w.l(ferror.o)
    0x08008504   0x0000004a   Code   RO          636    .text               c_w.l(sys_stackheap_outer.o)
    0x0800854e   0x0000000c   Code   RO          642    .text               c_w.l(exit.o)
    0x0800855a   0x00000002   PAD
    0x0800855c   0x00000008   Code   RO          650    .text               c_w.l(libspace.o)
    0x08008564   0x0000000a   Code   RO          717    x$fpl$fpinit        fz_wm.l(fpinit.o)
    0x0800856e   0x000017c0   Data   RO           58    .constdata          lcd.o
    0x08009d2e   0x00000002   PAD
    0x08009d30   0x00000024   Data   RO          219    .constdata          malloc.o
    0x08009d54   0x0000003a   Data   RO          384    .constdata          ff.o
    0x08009d8e   0x0002acc8   Data   RO          405    .constdata          cc936.o
    0x08034a56   0x00000002   PAD
    0x08034a58   0x00000070   Data   RO          469    .constdata          exfuns.o
    0x08034ac8   0x00000028   Data   RO          545    .constdata          c_w.l(_printf_hex_int.o)
    0x08034af0   0x00000044   Data   RO          470    .conststring        exfuns.o
    0x08034b34   0x00000020   Data   RO          774    Region$$Table       anon$$obj.o


    Execution Region RW_IRAM1 (Base: 0x20000000, Size: 0x00020000, Max: 0x00020000, ABSOLUTE)

    Base Addr    Size         Type   Attr      Idx    E Section Name        Object

    0x20000000   0x00000004   Data   RW            4    .data               delay.o
    0x20000004   0x00000018   Data   RW           59    .data               lcd.o
    0x2000001c   0x00000010   Data   RW           95    .data               sd.o
    0x2000002c   0x00000006   Data   RW          133    .data               usart.o
    0x20000032   0x00000002   PAD
    0x20000034   0x00000024   Data   RW          220    .data               malloc.o
    0x20000058   0x00000008   Data   RW          294    .data               main.o
    0x20000060   0x00000002   Data   RW          359    .data               diskio.o
    0x20000062   0x00000002   Data   RW          385    .data               ff.o
    0x20000064   0x00000014   Data   RW          471    .data               exfuns.o
    0x20000078   0x00000014   Data   RW          504    .data               system_stm32f4xx.o
    0x2000008c   0x00000004   PAD
    0x20000090   0x00000278   Zero   RW           94    .bss                sd.o
    0x20000308   0x000000c8   Zero   RW          132    .bss                usart.o
    0x200003d0   0x00000800   Zero   RW          187    .bss                flash.o
    0x20000bd0   0x000000c8   Zero   RW          293    .bss                main.o
    0x20000c98   0x0000000c   Zero   RW          383    .bss                ff.o
    0x20000ca4   0x00000050   Zero   RW          468    .bss                exfuns.o
    0x20000cf4   0x00000060   Zero   RW          651    .bss                c_w.l(libspace.o)
    0x20000d54   0x00000004   PAD
    0x20000d58   0x00000200   Zero   RW          495    HEAP                startup_stm32f40_41xxx.o
    0x20000f58   0x000000a8   PAD
    0x20001000   0x00011800   Zero   RW          292    .ARM.__AT_0x20001000  main.o
    0x20012800   0x00000600   Zero   RW          218    .bss                malloc.o
    0x20012e00   0x00000400   Zero   RW          494    STACK               startup_stm32f40_41xxx.o
    0x20013200   0x00006e00   PAD
    0x2001a000   0x00006000   Zero   RW          215    .ARM.__AT_0x2001A000  malloc.o



  Load Region LR$$.ARM.__AT_0x10000000 (Base: 0x10000000, Size: 0x00000000, Max: 0x0000f000, ABSOLUTE)

    Execution Region ER$$.ARM.__AT_0x10000000 (Base: 0x10000000, Size: 0x0000f000, Max: 0x0000f000, ABSOLUTE, UNINIT)

    Base Addr    Size         Type   Attr      Idx    E Section Name        Object

    0x10000000   0x0000f000   Zero   RW          213    .ARM.__AT_0x10000000  malloc.o



  Load Region LR$$.ARM.__AT_0x1000F000 (Base: 0x1000f000, Size: 0x00000000, Max: 0x00000f00, ABSOLUTE)

    Execution Region ER$$.ARM.__AT_0x1000F000 (Base: 0x1000f000, Size: 0x00000f00, Max: 0x00000f00, ABSOLUTE, UNINIT)

    Base Addr    Size         Type   Attr      Idx    E Section Name        Object

    0x1000f000   0x00000f00   Zero   RW          214    .ARM.__AT_0x1000F000  malloc.o



  Load Region LR$$.ARM.__AT_0x68000000 (Base: 0x68000000, Size: 0x00000000, Max: 0x000f0000, ABSOLUTE)

    Execution Region ER$$.ARM.__AT_0x68000000 (Base: 0x68000000, Size: 0x000f0000, Max: 0x000f0000, ABSOLUTE, UNINIT)

    Base Addr    Size         Type   Attr      Idx    E Section Name        Object

    0x68000000   0x000f0000   Zero   RW          216    .ARM.__AT_0x68000000  malloc.o



  Load Region LR$$.ARM.__AT_0x680F0000 (Base: 0x680f0000, Size: 0x00000000, Max: 0x0000f000, ABSOLUTE)

    Execution Region ER$$.ARM.__AT_0x680F0000 (Base: 0x680f0000, Size: 0x0000f000, Max: 0x0000f000, ABSOLUTE, UNINIT)

    Base Addr    Size         Type   Attr      Idx    E Section Name        Object

    0x680f0000   0x0000f000   Zero   RW          217    .ARM.__AT_0x680F0000  malloc.o


==============================================================================

Image component sizes


      Code (inc. data)   RO Data    RW Data    ZI Data      Debug   Object Name

       180         18     175304          0          0       2177   cc936.o
       232          8          0          4          0     250441   delay.o
       484          8          0          2          0       4126   diskio.o
       408         22        180         20         80       2684   exfuns.o
      1144        306          0          0          0       5460   fattester.o
     12954        136         58          2         12      37238   ff.o
       824         68          0          0       2048       4149   flash.o
       180         14          0          0          0        910   key.o
      4896        206       6080         24          0      12263   lcd.o
       900        312          0          8      71880       2126   main.o
       556         18         36         36    1135872       4825   malloc.o
      7156        220          0         16        632      23849   sd.o
        64         26        392          0       1536        852   startup_stm32f40_41xxx.o
      1130         46          0          0          0       4117   sys.o
       528         46          0         20          0       1919   system_stm32f4xx.o
       408         24          0          6        200       3318   usart.o

    ----------------------------------------------------------------------
     32048       1478     182086        140    1240592     360454   Object Totals
         0          0         32          0          0          0   (incl. Generated)
         4          0          4          2      28332          0   (incl. Padding)

    ----------------------------------------------------------------------

      Code (inc. data)   RO Data    RW Data    ZI Data      Debug   Library Member Name

         8          0          0          0          0         68   __main.o
       104          0          0          0          0         84   __printf.o
        52          8          0          0          0          0   __scatter.o
        26          0          0          0          0          0   __scatter_copy.o
        28          0          0          0          0          0   __scatter_zi.o
        44          0          0          0          0        108   _printf_char.o
        48          6          0          0          0         96   _printf_char_common.o
        36          4          0          0          0         80   _printf_char_file.o
        88          4         40          0          0         88   _printf_hex_int.o
       178          0          0          0          0         88   _printf_intcommon.o
         0          0          0          0          0          0   _printf_percent.o
         4          0          0          0          0          0   _printf_percent_end.o
         6          0          0          0          0          0   _printf_s.o
        82          0          0          0          0         80   _printf_str.o
         6          0          0          0          0          0   _printf_x.o
        12          0          0          0          0         72   exit.o
         8          0          0          0          0         68   ferror.o
         6          0          0          0          0        152   heapauxi.o
         2          0          0          0          0          0   libinit.o
         6          0          0          0          0          0   libinit2.o
         2          0          0          0          0          0   libshutdown.o
         2          0          0          0          0          0   libshutdown2.o
         8          4          0          0         96         68   libspace.o
        72          0          0          0          0         76   llsdiv.o
       238          0          0          0          0        100   lludivv7m.o
        24          4          0          0          0         84   noretval__2printf.o
       138          0          0          0          0         68   rt_memcpy_v6.o
       100          0          0          0          0         80   rt_memcpy_w.o
         0          0          0          0          0          0   rtentry.o
        12          0          0          0          0          0   rtentry2.o
         6          0          0          0          0          0   rtentry4.o
         2          0          0          0          0          0   rtexit.o
        10          0          0          0          0          0   rtexit2.o
       128          0          0          0          0         68   strcmpv7m.o
        72          0          0          0          0         80   strcpy.o
        62          0          0          0          0         76   strlen.o
        74          0          0          0          0         80   sys_stackheap_outer.o
         2          0          0          0          0         68   use_no_semi.o
         2          0          0          0          0         68   use_no_semi_2.o
        10          0          0          0          0        116   fpinit.o

    ----------------------------------------------------------------------
      1718         30         40          0        100       2016   Library Totals
        10          0          0          0          4          0   (incl. Padding)

    ----------------------------------------------------------------------

      Code (inc. data)   RO Data    RW Data    ZI Data      Debug   Library Name

      1698         30         40          0         96       1900   c_w.l
        10          0          0          0          0        116   fz_wm.l

    ----------------------------------------------------------------------
      1718         30         40          0        100       2016   Library Totals

    ----------------------------------------------------------------------

==============================================================================


      Code (inc. data)   RO Data    RW Data    ZI Data      Debug   

     33766       1508     182126        140    1240692     358382   Grand Totals
     33766       1508     182126        140    1240692     358382   ELF Image Totals
     33766       1508     182126        140          0          0   ROM Totals

==============================================================================

    Total RO  Size (Code + RO Data)               215892 ( 210.83kB)
    Total RW  Size (RW Data + ZI Data)           1240832 (1211.75kB)
    Total ROM Size (Code + RO Data + RW Data)     216032 ( 210.97kB)

==============================================================================

