<html>
<body>
<pre>
<h1>µVision Build Log</h1>
<h2>Project:</h2>
C:\Users\13593\Desktop\407-iap - flash\oled\spi-old.uvprojx
Project File Date:  12/03/2017

<h2>Output:</h2>
Build target 'Target 1'
linking...
Program Size: Code=3656 RO-data=3084 RW-data=24 ZI-data=2656  
FromELF: creating hex file...
After Build - User command #1: D:\mdk\ARM\ARMCC\bin\fromelf.exe --bin -o  output\spi-oled.bin  output\spi-old.axf
".\output\spi-old.axf" - 0 Error(s), 0 Warning(s).

<h2>Software Packages used:</h2>

Package Vendor: ARM
                http://www.keil.com/pack/ARM.CMSIS.4.1.1.pack
                ARM::CMSIS:CORE:3.30.0
                CMSIS (Cortex Microcontroller Software Interface Standard)
   * Component: CORE Version: 3.30.0

Package Vendor: Keil
                http://www.keil.com/pack/Keil.STM32F4xx_DFP.1.0.8.pack
                Keil::Device:Startup:1.3.1
                STMicroelectronics STM32F4 Series Device Support, Drivers and Examples
   * Component: Startup Version: 1.3.1

<h2>Collection of Component include folders:</h2>
  C:\Users\13593\Desktop\407-iap - flash\oled\RTE
  C:\Users\13593\Desktop\407-iap - flash\oled\RTE\Device\STM32F407ZG
  D:\mdk\ARM\PACK\ARM\CMSIS\4.1.1\CMSIS\Include
  D:\mdk\ARM\PACK\Keil\STM32F4xx_DFP\1.0.8\Device\Include

<h2>Collection of Component Files used:</h2>

   * Component: ARM::CMSIS:CORE:3.30.0
      Source file:   CMSIS\UserCodeTemplates\ARM\ITM_Retarget.c

   * Component: Keil::Device:Startup:1.3.1
      Source file:   Device\Source\ARM\STM32F40xxx_41xxx_OPT.s
      Source file:   Device\Source\ARM\STM32F4xx_OTP.s
      Include file:  RTE_Driver\Config\RTE_Device.h
      Include file:  Device\Include\stm32f4xx.h
      Source file:   Device\Source\system_stm32f4xx.c
      Source file:   Device\Source\ARM\startup_stm32f40_41xxx.s
</pre>
</body>
</html>
 D:\mdk\ARM\PACK\ARM\CMSIS\4.1.1\CMSIS\Include
  D:\mdk\ARM\PACK\Keil\STM32F4xx_DFP\1.0.8\Device\Include

<h2>Collection of Component Files used:</h2>

   * Component: ARM::CMSIS:CORE:3.30.0
      Source file:   CMSIS\UserCodeTemplates\ARM\ITM_Retarget.c

   * Component: Keil::Device:Startup:1.3.1
      Source file:   Device\Source\ARM\STM32F40xxx_41xxx_OPT.s
      Source file:   Device\Source\ARM\STM32F4xx_OTP.s
      Include file:  RTE_Driver\Config\RTE_Device.h
      Include file:  Device\Include\stm32f4xx.h
      Source file:   Device\Source\system_stm32f4xx.c
      Source file:   Device\Source\ARM\startup_stm32f40_41xxx.s
